Component: ARM Compiler 5.06 update 7 (build 960) Tool: armlink [4d3601]

==============================================================================

Section Cross References

    startup_stm32f100xb.o(STACK) refers (Special) to heapauxi.o(.text) for __use_two_region_memory
    startup_stm32f100xb.o(HEAP) refers (Special) to heapauxi.o(.text) for __use_two_region_memory
    startup_stm32f100xb.o(RESET) refers (Special) to heapauxi.o(.text) for __use_two_region_memory
    startup_stm32f100xb.o(RESET) refers to startup_stm32f100xb.o(STACK) for __initial_sp
    startup_stm32f100xb.o(RESET) refers to startup_stm32f100xb.o(.text) for Reset_Handler
    startup_stm32f100xb.o(RESET) refers to stm32f1xx_it.o(i.NMI_Handler) for NMI_Handler
    startup_stm32f100xb.o(RESET) refers to stm32f1xx_it.o(i.HardFault_Handler) for HardFault_Handler
    startup_stm32f100xb.o(RESET) refers to stm32f1xx_it.o(i.MemManage_Handler) for MemManage_Handler
    startup_stm32f100xb.o(RESET) refers to stm32f1xx_it.o(i.BusFault_Handler) for BusFault_Handler
    startup_stm32f100xb.o(RESET) refers to stm32f1xx_it.o(i.UsageFault_Handler) for UsageFault_Handler
    startup_stm32f100xb.o(RESET) refers to stm32f1xx_it.o(i.SVC_Handler) for SVC_Handler
    startup_stm32f100xb.o(RESET) refers to stm32f1xx_it.o(i.DebugMon_Handler) for DebugMon_Handler
    startup_stm32f100xb.o(RESET) refers to stm32f1xx_it.o(i.PendSV_Handler) for PendSV_Handler
    startup_stm32f100xb.o(RESET) refers to stm32f1xx_it.o(i.SysTick_Handler) for SysTick_Handler
    startup_stm32f100xb.o(.text) refers (Special) to heapauxi.o(.text) for __use_two_region_memory
    startup_stm32f100xb.o(.text) refers to system_stm32f1xx.o(i.SystemInit) for SystemInit
    startup_stm32f100xb.o(.text) refers to __main.o(!!!main) for __main
    startup_stm32f100xb.o(.text) refers to startup_stm32f100xb.o(HEAP) for Heap_Mem
    startup_stm32f100xb.o(.text) refers to startup_stm32f100xb.o(STACK) for Stack_Mem
    main.o(i.MX_GPIO_Init) refers to stm32f1xx_hal_gpio.o(i.HAL_GPIO_WritePin) for HAL_GPIO_WritePin
    main.o(i.MX_GPIO_Init) refers to stm32f1xx_hal_gpio.o(i.HAL_GPIO_Init) for HAL_GPIO_Init
    main.o(i.SystemClock_Config) refers to rt_memclr_w.o(.text) for __aeabi_memclr4
    main.o(i.SystemClock_Config) refers to stm32f1xx_hal_rcc.o(i.HAL_RCC_OscConfig) for HAL_RCC_OscConfig
    main.o(i.SystemClock_Config) refers to stm32f1xx_hal_rcc.o(i.HAL_RCC_ClockConfig) for HAL_RCC_ClockConfig
    main.o(i.bmi_clibration) refers to bmi160_1.o(i.bmi160_get_offsets) for bmi160_get_offsets
    main.o(i.bmi_clibration) refers to main.o(i.uprint) for uprint
    main.o(i.bmi_clibration) refers to bmi160_1.o(i.bmi160_start_foc) for bmi160_start_foc
    main.o(i.bmi_clibration) refers to bmi160_1.o(i.bmi160_update_nvm) for bmi160_update_nvm
    main.o(i.bmi_clibration) refers to main.o(.bss) for .bss
    main.o(i.i2c_test_bmi) refers to stm32f1xx_hal_i2c.o(i.HAL_I2C_Mem_Write) for HAL_I2C_Mem_Write
    main.o(i.i2c_test_bmi) refers to main.o(i.uprint) for uprint
    main.o(i.i2c_test_bmi) refers to stm32f1xx_hal_i2c.o(i.HAL_I2C_Mem_Read) for HAL_I2C_Mem_Read
    main.o(i.i2c_test_bmi) refers to main.o(.bss) for .bss
    main.o(i.init_bmi160) refers to bmi160_1.o(i.bmi160_init) for bmi160_init
    main.o(i.init_bmi160) refers to main.o(i.uprint) for uprint
    main.o(i.init_bmi160) refers to bmi160_1.o(i.bmi160_set_sens_conf) for bmi160_set_sens_conf
    main.o(i.init_bmi160) refers to main.o(i.bmi_clibration) for bmi_clibration
    main.o(i.init_bmi160) refers to main.o(.bss) for .bss
    main.o(i.main) refers to stm32f1xx_hal.o(i.HAL_Init) for HAL_Init
    main.o(i.main) refers to main.o(i.SystemClock_Config) for SystemClock_Config
    main.o(i.main) refers to main.o(i.MX_GPIO_Init) for MX_GPIO_Init
    main.o(i.main) refers to stm32f1xx_hal_i2c.o(i.HAL_I2C_Init) for HAL_I2C_Init
    main.o(i.main) refers to stm32f1xx_hal_uart.o(i.HAL_UART_Init) for HAL_UART_Init
    main.o(i.main) refers to main.o(i.uprint) for uprint
    main.o(i.main) refers to main.o(i.i2c_test_bmi) for i2c_test_bmi
    main.o(i.main) refers to main.o(i.init_bmi160) for init_bmi160
    main.o(i.main) refers to bmi160_1.o(i.bmi160_get_sensor_data) for bmi160_get_sensor_data
    main.o(i.main) refers to stm32f1xx_hal.o(i.HAL_Delay) for HAL_Delay
    main.o(i.main) refers to main.o(.bss) for .bss
    main.o(i.main) refers to stm32f1xx_hal_uart.o(i.HAL_UART_Transmit) for HAL_UART_Transmit
    main.o(i.main) refers to stm32f1xx_hal_i2c.o(i.HAL_I2C_Mem_Write) for HAL_I2C_Mem_Write
    main.o(i.main) refers to stm32f1xx_hal_i2c.o(i.HAL_I2C_Mem_Read) for HAL_I2C_Mem_Read
    main.o(i.read_register) refers to stm32f1xx_hal_i2c.o(i.HAL_I2C_Mem_Read) for HAL_I2C_Mem_Read
    main.o(i.read_register) refers to main.o(.bss) for .bss
    main.o(i.uprint) refers to vsprintf.o(.text) for vsprintf
    main.o(i.uprint) refers to stm32f1xx_hal_uart.o(i.HAL_UART_Transmit) for HAL_UART_Transmit
[...]
    ..\Drivers\STM32F1xx_HAL_Driver\Src\stm32f1xx_hal_rcc.c 0x00000000   Number         0  stm32f1xx_hal_rcc.o ABSOLUTE
    ..\Drivers\STM32F1xx_HAL_Driver\Src\stm32f1xx_hal_rcc_ex.c 0x00000000   Number         0  stm32f1xx_hal_rcc_ex.o ABSOLUTE
    ..\Drivers\STM32F1xx_HAL_Driver\Src\stm32f1xx_hal_tim.c 0x00000000   Number         0  stm32f1xx_hal_tim.o ABSOLUTE
    ..\Drivers\STM32F1xx_HAL_Driver\Src\stm32f1xx_hal_tim_ex.c 0x00000000   Number         0  stm32f1xx_hal_tim_ex.o ABSOLUTE
    ..\Drivers\STM32F1xx_HAL_Driver\Src\stm32f1xx_hal_uart.c 0x00000000   Number         0  stm32f1xx_hal_uart.o ABSOLUTE
    ..\\bmi160\\bmi160.c                     0x00000000   Number         0  bmi160_1.o ABSOLUTE
    ..\bmi160\bmi160.c                       0x00000000   Number         0  bmi160_1.o ABSOLUTE
    dc.s                                     0x00000000   Number         0  dc.o ABSOLUTE
    startup_stm32f100xb.s                    0x00000000   Number         0  startup_stm32f100xb.o ABSOLUTE
    RESET                                    0x08000000   Section      288  startup_stm32f100xb.o(RESET)
    !!!main                                  0x08000120   Section        8  __main.o(!!!main)
    !!!scatter                               0x08000128   Section       52  __scatter.o(!!!scatter)
    !!handler_copy                           0x0800015c   Section       26  __scatter_copy.o(!!handler_copy)
    !!handler_zi                             0x08000178   Section       28  __scatter_zi.o(!!handler_zi)
    .ARM.Collect$$_printf_percent$$00000000  0x08000194   Section        0  _printf_percent.o(.ARM.Collect$$_printf_percent$$00000000)
    .ARM.Collect$$_printf_percent$$00000001  0x08000194   Section        6  _printf_n.o(.ARM.Collect$$_printf_percent$$00000001)
    .ARM.Collect$$_printf_percent$$00000002  0x0800019a   Section        6  _printf_p.o(.ARM.Collect$$_printf_percent$$00000002)
    .ARM.Collect$$_printf_percent$$00000003  0x080001a0   Section        6  _printf_f.o(.ARM.Collect$$_printf_percent$$00000003)
    .ARM.Collect$$_printf_percent$$00000004  0x080001a6   Section        6  _printf_e.o(.ARM.Collect$$_printf_percent$$00000004)
    .ARM.Collect$$_printf_percent$$00000005  0x080001ac   Section        6  _printf_g.o(.ARM.Collect$$_printf_percent$$00000005)
    .ARM.Collect$$_printf_percent$$00000006  0x080001b2   Section        6  _printf_a.o(.ARM.Collect$$_printf_percent$$00000006)
    .ARM.Collect$$_printf_percent$$00000007  0x080001b8   Section       10  _printf_ll.o(.ARM.Collect$$_printf_percent$$00000007)
    .ARM.Collect$$_printf_percent$$00000008  0x080001c2   Section        6  _printf_i.o(.ARM.Collect$$_printf_percent$$00000008)
    .ARM.Collect$$_printf_percent$$00000009  0x080001c8   Section        6  _printf_d.o(.ARM.Collect$$_printf_percent$$00000009)
    .ARM.Collect$$_printf_percent$$0000000A  0x080001ce   Section        6  _printf_u.o(.ARM.Collect$$_printf_percent$$0000000A)
    .ARM.Collect$$_printf_percent$$0000000B  0x080001d4   Section        6  _printf_o.o(.ARM.Collect$$_printf_percent$$0000000B)
    .ARM.Collect$$_printf_percent$$0000000C  0x080001da   Section        6  _printf_x.o(.ARM.Collect$$_printf_percent$$0000000C)
    .ARM.Collect$$_printf_percent$$0000000D  0x080001e0   Section        6  _printf_lli.o(.ARM.Collect$$_printf_percent$$0000000D)
    .ARM.Collect$$_printf_percent$$0000000E  0x080001e6   Section        6  _printf_lld.o(.ARM.Collect$$_printf_percent$$0000000E)
    .ARM.Collect$$_printf_percent$$0000000F  0x080001ec   Section        6  _printf_llu.o(.ARM.Collect$$_printf_percent$$0000000F)
    .ARM.Collect$$_printf_percent$$00000010  0x080001f2   Section        6  _printf_llo.o(.ARM.Collect$$_printf_percent$$00000010)
    .ARM.Collect$$_printf_percent$$00000011  0x080001f8   Section        6  _printf_llx.o(.ARM.Collect$$_printf_percent$$00000011)
    .ARM.Collect$$_printf_percent$$00000012  0x080001fe   Section       10  _printf_l.o(.ARM.Collect$$_printf_percent$$00000012)
    .ARM.Collect$$_printf_percent$$00000013  0x08000208   Section        6  _printf_c.o(.ARM.Collect$$_printf_percent$$00000013)
    .ARM.Collect$$_printf_percent$$00000014  0x0800020e   Section        6  _printf_s.o(.ARM.Collect$$_printf_percent$$00000014)
    .ARM.Collect$$_printf_percent$$00000015  0x08000214   Section        6  _printf_lc.o(.ARM.Collect$$_printf_percent$$00000015)
    .ARM.Collect$$_printf_percent$$00000016  0x0800021a   Section        6  _printf_ls.o(.ARM.Collect$$_printf_percent$$00000016)
    .ARM.Collect$$_printf_percent$$00000017  0x08000220   Section        4  _printf_percent_end.o(.ARM.Collect$$_printf_percent$$00000017)
    .ARM.Collect$$libinit$$00000000          0x08000224   Section        2  libinit.o(.ARM.Collect$$libinit$$00000000)
    .ARM.Collect$$libinit$$00000002          0x08000226   Section        0  libinit2.o(.ARM.Collect$$libinit$$00000002)
    .ARM.Collect$$libinit$$00000004          0x08000226   Section        0  libinit2.o(.ARM.Collect$$libinit$$00000004)
    .ARM.Collect$$libinit$$0000000A          0x08000226   Section        0  libinit2.o(.ARM.Collect$$libinit$$0000000A)
    .ARM.Collect$$libinit$$0000000C          0x08000226   Section        0  libinit2.o(.ARM.Collect$$libinit$$0000000C)
    .ARM.Collect$$libinit$$0000000E          0x08000226   Section        0  libinit2.o(.ARM.Collect$$libinit$$0000000E)
    .ARM.Collect$$libinit$$0000000F          0x08000226   Section        6  libinit2.o(.ARM.Collect$$libinit$$0000000F)
    .ARM.Collect$$libinit$$00000011          0x0800022c   Section        0  libinit2.o(.ARM.Collect$$libinit$$00000011)
    .ARM.Collect$$libinit$$00000012          0x0800022c   Section       12  libinit2.o(.ARM.Collect$$libinit$$00000012)
    .ARM.Collect$$libinit$$00000013          0x08000238   Section        0  libinit2.o(.ARM.Collect$$libinit$$00000013)
    .ARM.Collect$$libinit$$00000015          0x08000238   Section        0  libinit2.o(.ARM.Collect$$libinit$$00000015)
    .ARM.Collect$$libinit$$00000016          0x08000238   Section       10  libinit2.o(.ARM.Collect$$libinit$$00000016)
    .ARM.Collect$$libinit$$00000017          0x08000242   Section        0  libinit2.o(.ARM.Collect$$libinit$$00000017)
    .ARM.Collect$$libinit$$00000019          0x08000242   Section        0  libinit2.o(.ARM.Collect$$libinit$$00000019)
    .ARM.Collect$$libinit$$0000001B          0x08000242   Section        0  libinit2.o(.ARM.Collect$$libinit$$0000001B)
    .ARM.Collect$$libinit$$0000001D          0x08000242   Section        0  libinit2.o(.ARM.Collect$$libinit$$0000001D)
    .ARM.Collect$$libinit$$0000001F          0x08000242   Section        0  libinit2.o(.ARM.Collect$$libinit$$0000001F)
    .ARM.Collect$$libinit$$00000021          0x08000242   Section        0  libinit2.o(.ARM.Collect$$libinit$$00000021)
    .ARM.Collect$$libinit$$00000023          0x08000242   Section        0  libinit2.o(.ARM.Collect$$libinit$$00000023)
    .ARM.Collect$$libinit$$00000025          0x08000242   Section        0  libinit2.o(.ARM.Collect$$libinit$$00000025)
    .ARM.Collect$$libinit$$0000002C          0x08000242   Section        0  libinit2.o(.ARM.Collect$$libinit$$0000002C)
    .ARM.Collect$$libinit$$0000002E          0x08000242   Section        0  libinit2.o(.ARM.Collect$$libinit$$0000002E)
    .ARM.Collect$$libinit$$00000030          0x08000242   Section        0  libinit2.o(.ARM.Collect$$libinit$$00000030)
    .ARM.Collect$$libinit$$00000032          0x08000242   Section        0  libinit2.o(.ARM.Collect$$libinit$$00000032)
    .ARM.Collect$$libinit$$00000033          0x08000242   Section        2  libinit2.o(.ARM.Collect$$libinit$$00000033)
    .ARM.Collect$$libshutdown$$00000000      0x08000244   Section        2  libshutdown.o(.ARM.Collect$$libshutdown$$00000000)
    .ARM.Collect$$libshutdown$$00000002      0x08000246   Section        0  libshutdown2.o(.ARM.Collect$$libshutdown$$00000002)
    .ARM.Collect$$libshutdown$$00000004      0x08000246   Section        0  libshutdown2.o(.ARM.Collect$$libshutdown$$00000004)
    .ARM.Collect$$libshutdown$$00000006      0x08000246   Section        0  libshutdown2.o(.ARM.Collect$$libshutdown$$00000006)
    .ARM.Collect$$libshutdown$$00000009      0x08000246   Section        0  libshutdown2.o(.ARM.Collect$$libshutdown$$00000009)
    .ARM.Collect$$libshutdown$$0000000C      0x08000246   Section        0  libshutdown2.o(.ARM.Collect$$libshutdown$$0000000C)
    .ARM.Collect$$libshutdown$$0000000E      0x08000246   Section        0  libshutdown2.o(.ARM.Collect$$libshutdown$$0000000E)
    .ARM.Collect$$libshutdown$$00000011      0x08000246   Section        0  libshutdown2.o(.ARM.Collect$$libshutdown$$00000011)
    .ARM.Collect$$libshutdown$$00000012      0x08000246   Section        2  libshutdown2.o(.ARM.Collect$$libshutdown$$00000012)
    .ARM.Collect$$rtentry$$00000000          0x08000248   Section        0  __rtentry.o(.ARM.Collect$$rtentry$$00000000)
    .ARM.Collect$$rtentry$$00000002          0x08000248   Section        0  __rtentry2.o(.ARM.Collect$$rtentry$$00000002)
    .ARM.Collect$$rtentry$$00000004          0x08000248   Section        6  __rtentry4.o(.ARM.Collect$$rtentry$$00000004)
    .ARM.Collect$$rtentry$$00000009          0x0800024e   Section        0  __rtentry2.o(.ARM.Collect$$rtentry$$00000009)
    .ARM.Collect$$rtentry$$0000000A          0x0800024e   Section        4  __rtentry2.o(.ARM.Collect$$rtentry$$0000000A)
    .ARM.Collect$$rtentry$$0000000C          0x08000252   Section        0  __rtentry2.o(.ARM.Collect$$rtentry$$0000000C)
    .ARM.Collect$$rtentry$$0000000D          0x08000252   Section        8  __rtentry2.o(.ARM.Collect$$rtentry$$0000000D)
    .ARM.Collect$$rtexit$$00000000           0x0800025a   Section        2  rtexit.o(.ARM.Collect$$rtexit$$00000000)
    .ARM.Collect$$rtexit$$00000002           0x0800025c   Section        0  rtexit2.o(.ARM.Collect$$rtexit$$00000002)
    .ARM.Collect$$rtexit$$00000003           0x0800025c   Section        4  rtexit2.o(.ARM.Collect$$rtexit$$00000003)
    .ARM.Collect$$rtexit$$00000004           0x08000260   Section        6  rtexit2.o(.ARM.Collect$$rtexit$$00000004)
    .text                                    0x08000268   Section       64  startup_stm32f100xb.o(.text)
    .text                                    0x080002a8   Section        0  vsprintf.o(.text)
    .text                                    0x080002cc   Section       78  rt_memclr_w.o(.text)
    .text                                    0x0800031a   Section        0  heapauxi.o(.text)
    .text                                    0x08000320   Section        0  _printf_pad.o(.text)
    .text                                    0x0800036e   Section        0  _printf_truncate.o(.text)
    .text                                    0x08000392   Section        0  _printf_str.o(.text)
    .text                                    0x080003e4   Section        0  _printf_dec.o(.text)
    .text                                    0x0800045c   Section        0  _printf_charcount.o(.text)
    .text                                    0x08000484   Section        0  _printf_char_common.o(.text)
    _printf_input_char                       0x08000485   Thumb Code    10  _printf_char_common.o(.text)
    .text                                    0x080004b4   Section        0  _sputc.o(.text)
    .text                                    0x080004c0   Section        0  _printf_wctomb.o(.text)
    .text                                    0x0800057c   Section        0  _printf_longlong_dec.o(.text)
    .text                                    0x080005f8   Section        0  _printf_oct_int_ll.o(.text)
    _printf_longlong_oct_internal            0x080005f9   Thumb Code     0  _printf_oct_int_ll.o(.text)
    .text                                    0x08000668   Section        0  _printf_hex_int_ll_ptr.o(.text)
    _printf_hex_common                       0x08000669   Thumb Code     0  _printf_hex_int_ll_ptr.o(.text)
    .text                                    0x080006fc   Section        0  __printf_flags_ss_wp.o(.text)
    .text                                    0x08000884   Section      138  lludiv10.o(.text)
    .text                                    0x0800090e   Section        0  _printf_intcommon.o(.text)
    .text                                    0x080009c0   Section        0  _printf_fp_dec.o(.text)
    _fp_digits                               0x080009c3   Thumb Code   432  _printf_fp_dec.o(.text)
    .text                                    0x08000de0   Section        0  _printf_fp_hex.o(.text)
    .text                                    0x080010dc   Section        0  _printf_char.o(.text)
    .text                                    0x08001108   Section        0  _printf_wchar.o(.text)
    .text                                    0x08001134   Section        0  _wcrtomb.o(.text)
    .text                                    0x08001174   Section       74  sys_stackheap_outer.o(.text)
    .text                                    0x080011c0   Section       16  rt_ctype_table.o(.text)
    .text                                    0x080011d0   Section        8  rt_locale_intlibspace.o(.text)
    .text                                    0x080011d8   Section        0  _printf_fp_infnan.o(.text)
    .text                                    0x08001258   Section        0  bigflt0.o(.text)
    .text                                    0x0800133c   Section        0  exit.o(.text)
    .text                                    0x08001350   Section        8  libspace.o(.text)
    .text                                    0x08001358   Section      128  strcmpv7m.o(.text)
    .text                                    0x080013d8   Section        0  sys_exit.o(.text)
    .text                                    0x080013e4   Section        2  use_no_semi.o(.text)
    .text                                    0x080013e6   Section        0  indicate_semi.o(.text)
    CL$$btod_d2e                             0x080013e6   Section       62  btod.o(CL$$btod_d2e)
    CL$$btod_d2e_denorm_low                  0x08001424   Section       70  btod.o(CL$$btod_d2e_denorm_low)
    CL$$btod_d2e_norm_op1                    0x0800146a   Section       96  btod.o(CL$$btod_d2e_norm_op1)
    CL$$btod_div_common                      0x080014ca   Section      824  btod.o(CL$$btod_div_common)
    CL$$btod_e2e                             0x08001802   Section      220  btod.o(CL$$btod_e2e)
    CL$$btod_ediv                            0x080018de   Section       42  btod.o(CL$$btod_ediv)
    CL$$btod_emul                            0x08001908   Section       42  btod.o(CL$$btod_emul)
    CL$$btod_mult_common                     0x08001932   Section      580  btod.o(CL$$btod_mult_common)
    i.BusFault_Handler                       0x08001b76   Section        0  stm32f1xx_it.o(i.BusFault_Handler)
    i.DebugMon_Handler                       0x08001b78   Section        0  stm32f1xx_it.o(i.DebugMon_Handler)
    i.HAL_Delay                              0x08001b7c   Section        0  stm32f1xx_hal.o(i.HAL_Delay)
    i.HAL_GPIO_Init                          0x08001ba0   Section        0  stm32f1xx_hal_gpio.o(i.HAL_GPIO_Init)
    i.HAL_GPIO_WritePin                      0x08001d80   Section        0  stm32f1xx_hal_gpio.o(i.HAL_GPIO_WritePin)
    i.HAL_GetTick                            0x08001d8c   Section        0  stm32f1xx_hal.o(i.HAL_GetTick)
    i.HAL_I2C_Init                           0x08001d98   Section        0  stm32f1xx_hal_i2c.o(i.HAL_I2C_Init)
    i.HAL_I2C_Mem_Read                       0x08001f20   Section        0  stm32f1xx_hal_i2c.o(i.HAL_I2C_Mem_Read)
    i.HAL_I2C_Mem_Write                      0x08002170   Section        0  stm32f1xx_hal_i2c.o(i.HAL_I2C_Mem_Write)
    i.HAL_I2C_MspInit                        0x080022a0   Section        0  stm32f1xx_hal_msp.o(i.HAL_I2C_MspInit)
    i.HAL_IncTick                            0x080022fc   Section        0  stm32f1xx_hal.o(i.HAL_IncTick)
    i.HAL_Init                               0x0800230c   Section        0  stm32f1xx_hal.o(i.HAL_Init)
    i.HAL_InitTick                           0x08002324   Section        0  stm32f1xx_hal.o(i.HAL_InitTick)
    i.HAL_MspInit                            0x08002364   Section        0  stm32f1xx_hal_msp.o(i.HAL_MspInit)
    i.HAL_NVIC_SetPriority                   0x080023a0   Section        0  stm32f1xx_hal_cortex.o(i.HAL_NVIC_SetPriority)
    i.HAL_NVIC_SetPriorityGrouping           0x080023e0   Section        0  stm32f1xx_hal_cortex.o(i.HAL_NVIC_SetPriorityGrouping)
    i.HAL_RCC_ClockConfig                    0x08002404   Section        0  stm32f1xx_hal_rcc.o(i.HAL_RCC_ClockConfig)
    i.HAL_RCC_GetPCLK1Freq                   0x080024ec   Section        0  stm32f1xx_hal_rcc.o(i.HAL_RCC_GetPCLK1Freq)
    i.HAL_RCC_GetPCLK2Freq                   0x0800250c   Section        0  stm32f1xx_hal_rcc.o(i.HAL_RCC_GetPCLK2Freq)
    i.HAL_RCC_GetSysClockFreq                0x0800252c   Section        0  stm32f1xx_hal_rcc.o(i.HAL_RCC_GetSysClockFreq)
    i.HAL_RCC_OscConfig                      0x080025a8   Section        0  stm32f1xx_hal_rcc.o(i.HAL_RCC_OscConfig)
    i.HAL_SYSTICK_Config                     0x080028c8   Section        0  stm32f1xx_hal_cortex.o(i.HAL_SYSTICK_Config)
    i.HAL_UART_Init                          0x080028f0   Section        0  stm32f1xx_hal_uart.o(i.HAL_UART_Init)
    i.HAL_UART_MspInit                       0x08002954   Section        0  stm32f1xx_hal_msp.o(i.HAL_UART_MspInit)
    i.HAL_UART_Transmit                      0x080029c4   Section        0  stm32f1xx_hal_uart.o(i.HAL_UART_Transmit)
    i.HardFault_Handler                      0x08002a76   Section        0  stm32f1xx_it.o(i.HardFault_Handler)
    i.I2C_IsAcknowledgeFailed                0x08002a78   Section        0  stm32f1xx_hal_i2c.o(i.I2C_IsAcknowledgeFailed)
    I2C_IsAcknowledgeFailed                  0x08002a79   Thumb Code    46  stm32f1xx_hal_i2c.o(i.I2C_IsAcknowledgeFailed)
    i.I2C_RequestMemoryRead                  0x08002aa8   Section        0  stm32f1xx_hal_i2c.o(i.I2C_RequestMemoryRead)
    I2C_RequestMemoryRead                    0x08002aa9   Thumb Code   246  stm32f1xx_hal_i2c.o(i.I2C_RequestMemoryRead)
    i.I2C_RequestMemoryWrite                 0x08002ba4   Section        0  stm32f1xx_hal_i2c.o(i.I2C_RequestMemoryWrite)
    I2C_RequestMemoryWrite                   0x08002ba5   Thumb Code   162  stm32f1xx_hal_i2c.o(i.I2C_RequestMemoryWrite)
    i.I2C_WaitOnBTFFlagUntilTimeout          0x08002c4c   Section        0  stm32f1xx_hal_i2c.o(i.I2C_WaitOnBTFFlagUntilTimeout)
    I2C_WaitOnBTFFlagUntilTimeout            0x08002c4d   Thumb Code    76  stm32f1xx_hal_i2c.o(i.I2C_WaitOnBTFFlagUntilTimeout)
    i.I2C_WaitOnFlagUntilTimeout             0x08002c98   Section        0  stm32f1xx_hal_i2c.o(i.I2C_WaitOnFlagUntilTimeout)
    I2C_WaitOnFlagUntilTimeout               0x08002c99   Thumb Code   104  stm32f1xx_hal_i2c.o(i.I2C_WaitOnFlagUntilTimeout)
    i.I2C_WaitOnMasterAddressFlagUntilTimeout 0x08002d00   Section        0  stm32f1xx_hal_i2c.o(i.I2C_WaitOnMasterAddressFlagUntilTimeout)
    I2C_WaitOnMasterAddressFlagUntilTimeout  0x08002d01   Thumb Code   150  stm32f1xx_hal_i2c.o(i.I2C_WaitOnMasterAddressFlagUntilTimeout)
    i.I2C_WaitOnRXNEFlagUntilTimeout         0x08002d96   Section        0  stm32f1xx_hal_i2c.o(i.I2C_WaitOnRXNEFlagUntilTimeout)
    I2C_WaitOnRXNEFlagUntilTimeout           0x08002d97   Thumb Code   102  stm32f1xx_hal_i2c.o(i.I2C_WaitOnRXNEFlagUntilTimeout)
    i.I2C_WaitOnTXEFlagUntilTimeout          0x08002dfc   Section        0  stm32f1xx_hal_i2c.o(i.I2C_WaitOnTXEFlagUntilTimeout)
    I2C_WaitOnTXEFlagUntilTimeout            0x08002dfd   Thumb Code    76  stm32f1xx_hal_i2c.o(i.I2C_WaitOnTXEFlagUntilTimeout)
    i.MX_GPIO_Init                           0x08002e48   Section        0  main.o(i.MX_GPIO_Init)
    MX_GPIO_Init                             0x08002e49   Thumb Code   120  main.o(i.MX_GPIO_Init)
    i.MemManage_Handler                      0x08002ec8   Section        0  stm32f1xx_it.o(i.MemManage_Handler)
    i.NMI_Handler                            0x08002eca   Section        0  stm32f1xx_it.o(i.NMI_Handler)
    i.PendSV_Handler                         0x08002ecc   Section        0  stm32f1xx_it.o(i.PendSV_Handler)
    i.SVC_Handler                            0x08002ece   Section        0  stm32f1xx_it.o(i.SVC_Handler)
    i.SysTick_Handler                        0x08002ed0   Section        0  stm32f1xx_it.o(i.SysTick_Handler)
    i.SystemClock_Config                     0x08002ed4   Section        0  main.o(i.SystemClock_Config)
    i.SystemInit                             0x08002f24   Section        0  system_stm32f1xx.o(i.SystemInit)
    i.UART_SetConfig                         0x08002f28   Section        0  stm32f1xx_hal_uart.o(i.UART_SetConfig)
    UART_SetConfig                           0x08002f29   Thumb Code   278  stm32f1xx_hal_uart.o(i.UART_SetConfig)
    i.UART_WaitOnFlagUntilTimeout            0x08003044   Section        0  stm32f1xx_hal_uart.o(i.UART_WaitOnFlagUntilTimeout)
    UART_WaitOnFlagUntilTimeout              0x08003045   Thumb Code   100  stm32f1xx_hal_uart.o(i.UART_WaitOnFlagUntilTimeout)
    i.UsageFault_Handler                     0x080030a8   Section        0  stm32f1xx_it.o(i.UsageFault_Handler)
    i.__ARM_fpclassify                       0x080030aa   Section        0  fpclassify.o(i.__ARM_fpclassify)
    i.__NVIC_SetPriority                     0x080030d2   Section        0  stm32f1xx_hal_cortex.o(i.__NVIC_SetPriority)
    __NVIC_SetPriority                       0x080030d3   Thumb Code    32  stm32f1xx_hal_cortex.o(i.__NVIC_SetPriority)
    i._is_digit                              0x080030f2   Section        0  __printf_wp.o(i._is_digit)
    i.bmi160_get_offsets                     0x08003100   Section        0  bmi160_1.o(i.bmi160_get_offsets)
    i.bmi160_get_regs                        0x0800318a   Section        0  bmi160_1.o(i.bmi160_get_regs)
    i.bmi160_get_sensor_data                 0x080031c2   Section        0  bmi160_1.o(i.bmi160_get_sensor_data)
    i.bmi160_init                            0x08003216   Section        0  bmi160_1.o(i.bmi160_init)
    i.bmi160_set_power_mode                  0x08003270   Section        0  bmi160_1.o(i.bmi160_set_power_mode)
    i.bmi160_set_regs                        0x0800331e   Section        0  bmi160_1.o(i.bmi160_set_regs)
    i.bmi160_set_sens_conf                   0x080033bc   Section        0  bmi160_1.o(i.bmi160_set_sens_conf)
    i.bmi160_soft_reset                      0x08003496   Section        0  bmi160_1.o(i.bmi160_soft_reset)
    i.bmi160_start_foc                       0x080034f4   Section        0  bmi160_1.o(i.bmi160_start_foc)
    i.bmi160_update_nvm                      0x08003596   Section        0  bmi160_1.o(i.bmi160_update_nvm)
    i.bmi_clibration                         0x08003604   Section        0  main.o(i.bmi_clibration)
    i.check_accel_config                     0x08003744   Section        0  bmi160_1.o(i.check_accel_config)
    check_accel_config                       0x08003745   Thumb Code   116  bmi160_1.o(i.check_accel_config)
    i.check_gyro_config                      0x080037b8   Section        0  bmi160_1.o(i.check_gyro_config)
    check_gyro_config                        0x080037b9   Thumb Code   110  bmi160_1.o(i.check_gyro_config)
    i.get_accel_data                         0x08003826   Section        0  bmi160_1.o(i.get_accel_data)
    get_accel_data                           0x08003827   Thumb Code   106  bmi160_1.o(i.get_accel_data)
    i.get_accel_gyro_data                    0x08003890   Section        0  bmi160_1.o(i.get_accel_gyro_data)
    get_accel_gyro_data                      0x08003891   Thumb Code   162  bmi160_1.o(i.get_accel_gyro_data)
    i.get_foc_status                         0x08003932   Section        0  bmi160_1.o(i.get_foc_status)
    get_foc_status                           0x08003933   Thumb Code    32  bmi160_1.o(i.get_foc_status)
    i.get_gyro_data                          0x08003952   Section        0  bmi160_1.o(i.get_gyro_data)
    get_gyro_data                            0x08003953   Thumb Code   166  bmi160_1.o(i.get_gyro_data)
    i.i2c_test_bmi                           0x080039f8   Section        0  main.o(i.i2c_test_bmi)
    i.init_bmi160                            0x08003af4   Section        0  main.o(i.init_bmi160)
    init_bmi160                              0x08003af5   Thumb Code    88  main.o(i.init_bmi160)
    i.main                                   0x08003b98   Section        0  main.o(i.main)
    i.null_ptr_check                         0x08003cbc   Section        0  bmi160_1.o(i.null_ptr_check)
    null_ptr_check                           0x08003cbd   Thumb Code    24  bmi160_1.o(i.null_ptr_check)
    i.process_under_sampling                 0x08003cd4   Section        0  bmi160_1.o(i.process_under_sampling)
    process_under_sampling                   0x08003cd5   Thumb Code    92  bmi160_1.o(i.process_under_sampling)
    i.trigger_foc                            0x08003d30   Section        0  bmi160_1.o(i.trigger_foc)
    trigger_foc                              0x08003d31   Thumb Code   126  bmi160_1.o(i.trigger_foc)
    i.uprint                                 0x08003db0   Section        0  main.o(i.uprint)
    locale$$code                             0x08003de0   Section       44  lc_numeric_c.o(locale$$code)
    locale$$code                             0x08003e0c   Section       44  lc_ctype_c.o(locale$$code)
    x$fpl$printf1                            0x08003e38   Section        4  printf1.o(x$fpl$printf1)
    x$fpl$printf2                            0x08003e3c   Section        4  printf2.o(x$fpl$printf2)
    .constdata                               0x08003e40   Section       16  system_stm32f1xx.o(.constdata)
    x$fpl$usenofp                            0x08003e40   Section        0  usenofp.o(x$fpl$usenofp)
    .constdata                               0x08003e50   Section        8  system_stm32f1xx.o(.constdata)
    .constdata                               0x08003e58   Section        8  _printf_wctomb.o(.constdata)
    initial_mbstate                          0x08003e58   Data           8  _printf_wctomb.o(.constdata)
    .constdata                               0x08003e60   Section       40  _printf_hex_int_ll_ptr.o(.constdata)
    uc_hextab                                0x08003e60   Data          20  _printf_hex_int_ll_ptr.o(.constdata)
    lc_hextab                                0x08003e74   Data          20  _printf_hex_int_ll_ptr.o(.constdata)
    .constdata                               0x08003e88   Section       17  __printf_flags_ss_wp.o(.constdata)
    maptable                                 0x08003e88   Data          17  __printf_flags_ss_wp.o(.constdata)
    .constdata                               0x08003e99   Section       38  _printf_fp_hex.o(.constdata)
    lc_hextab                                0x08003e99   Data          19  _printf_fp_hex.o(.constdata)
    uc_hextab                                0x08003eac   Data          19  _printf_fp_hex.o(.constdata)
    .constdata                               0x08003ec0   Section      148  bigflt0.o(.constdata)
    tenpwrs_x                                0x08003ec0   Data          60  bigflt0.o(.constdata)
    tenpwrs_i                                0x08003efc   Data          64  bigflt0.o(.constdata)
    locale$$data                             0x08003f74   Section       28  lc_numeric_c.o(locale$$data)
    __lcnum_c_name                           0x08003f78   Data           2  lc_numeric_c.o(locale$$data)
    __lcnum_c_start                          0x08003f80   Data           0  lc_numeric_c.o(locale$$data)
    __lcnum_c_point                          0x08003f8c   Data           0  lc_numeric_c.o(locale$$data)
    __lcnum_c_thousands                      0x08003f8e   Data           0  lc_numeric_c.o(locale$$data)
    __lcnum_c_grouping                       0x08003f8f   Data           0  lc_numeric_c.o(locale$$data)
    locale$$data                             0x08003f90   Section      272  lc_ctype_c.o(locale$$data)
    __lcnum_c_end                            0x08003f90   Data           0  lc_numeric_c.o(locale$$data)
    __lcctype_c_name                         0x08003f94   Data           2  lc_ctype_c.o(locale$$data)
    __lcctype_c_start                        0x08003f9c   Data           0  lc_ctype_c.o(locale$$data)
    __lcctype_c_end                          0x080040a0   Data           0  lc_ctype_c.o(locale$$data)
    .data                                    0x20000000   Section       12  stm32f1xx_hal.o(.data)
    .data                                    0x2000000c   Section        4  system_stm32f1xx.o(.data)
    .bss                                     0x20000010   Section      304  main.o(.bss)
    .bss                                     0x20000140   Section       96  libspace.o(.bss)
    HEAP                                     0x200001a0   Section      512  startup_stm32f100xb.o(HEAP)
    Heap_Mem                                 0x200001a0   Data         512  startup_stm32f100xb.o(HEAP)
    STACK                                    0x200003a0   Section     1024  startup_stm32f100xb.o(STACK)
    Stack_Mem                                0x200003a0   Data        1024  startup_stm32f100xb.o(STACK)
    __initial_sp                             0x200007a0   Data           0  startup_stm32f100xb.o(STACK)

    Global Symbols

    Symbol Name                              Value     Ov Type        Size  Object(Section)

    BuildAttributes$$THM_ISAv4$P$D$K$B$S$PE$A:L22UL41UL21$X:L11$S22US41US21$IEEE1$IW$USESV6$~STKCKD$USESV7$~SHL$OTIME$ROPI$IEEEJ$EBA8$UX$STANDARDLIB$REQ8$PRES8$EABIv2 0x00000000   Number         0  anon$$obj.o ABSOLUTE
    __ARM_use_no_argv                        0x00000000   Number         0  main.o ABSOLUTE
    _printf_flags                            0x00000000   Number         0  printf_stubs.o ABSOLUTE
    _printf_return_value                     0x00000000   Number         0  printf_stubs.o ABSOLUTE
    _printf_sizespec                         0x00000000   Number         0  printf_stubs.o ABSOLUTE
    _printf_widthprec                        0x00000000   Number         0  printf_stubs.o ABSOLUTE
    __ARM_exceptions_init                     - Undefined Weak Reference
    __alloca_initialize                       - Undefined Weak Reference
    __arm_fini_                               - Undefined Weak Reference
    __arm_preinit_                            - Undefined Weak Reference
    __cpp_initialize__aeabi_                  - Undefined Weak Reference
    __cxa_finalize                            - Undefined Weak Reference
    __sigvec_lookup                           - Undefined Weak Reference
    _atexit_init                              - Undefined Weak Reference
    _call_atexit_fns                          - Undefined Weak Reference
    _clock_init                               - Undefined Weak Reference
    _fp_trap_init                             - Undefined Weak Reference
    _fp_trap_shutdown                         - Undefined Weak Reference
    _get_lc_collate                           - Undefined Weak Reference
    _get_lc_monetary                          - Undefined Weak Reference
    _get_lc_time                              - Undefined Weak Reference
    _getenv_init                              - Undefined Weak Reference
    _handle_redirection                       - Undefined Weak Reference
    _init_alloc                               - Undefined Weak Reference
    _init_user_alloc                          - Undefined Weak Reference
    _initio                                   - Undefined Weak Reference
    _printf_mbtowc                            - Undefined Weak Reference
    _printf_wc                                - Undefined Weak Reference
    _rand_init                                - Undefined Weak Reference
    _signal_finish                            - Undefined Weak Reference
    _signal_init                              - Undefined Weak Reference
    _terminate_alloc                          - Undefined Weak Reference
    _terminate_user_alloc                     - Undefined Weak Reference
    _terminateio                              - Undefined Weak Reference
    __Vectors_Size                           0x00000120   Number         0  startup_stm32f100xb.o ABSOLUTE
    __Vectors                                0x08000000   Data           4  startup_stm32f100xb.o(RESET)
    __Vectors_End                            0x08000120   Data           0  startup_stm32f100xb.o(RESET)
    __main                                   0x08000121   Thumb Code     8  __main.o(!!!main)
    __scatterload                            0x08000129   Thumb Code     0  __scatter.o(!!!scatter)
    __scatterload_rt2                        0x08000129   Thumb Code    44  __scatter.o(!!!scatter)
    __scatterload_rt2_thumb_only             0x08000129   Thumb Code     0  __scatter.o(!!!scatter)
    __scatterload_null                       0x08000137   Thumb Code     0  __scatter.o(!!!scatter)
    __scatterload_copy                       0x0800015d   Thumb Code    26  __scatter_copy.o(!!handler_copy)
    __scatterload_zeroinit                   0x08000179   Thumb Code    28  __scatter_zi.o(!!handler_zi)
    _printf_n                                0x08000195   Thumb Code     0  _printf_n.o(.ARM.Collect$$_printf_percent$$00000001)
    _printf_percent                          0x08000195   Thumb Code     0  _printf_percent.o(.ARM.Collect$$_printf_percent$$00000000)
    _printf_p                                0x0800019b   Thumb Code     0  _printf_p.o(.ARM.Collect$$_printf_percent$$00000002)
    _printf_f                                0x080001a1   Thumb Code     0  _printf_f.o(.ARM.Collect$$_printf_percent$$00000003)
    _printf_e                                0x080001a7   Thumb Code     0  _printf_e.o(.ARM.Collect$$_printf_percent$$00000004)
    _printf_g                                0x080001ad   Thumb Code     0  _printf_g.o(.ARM.Collect$$_printf_percent$$00000005)
    _printf_a                                0x080001b3   Thumb Code     0  _printf_a.o(.ARM.Collect$$_printf_percent$$00000006)
    _printf_ll                               0x080001b9   Thumb Code     0  _printf_ll.o(.ARM.Collect$$_printf_percent$$00000007)
    _printf_i                                0x080001c3   Thumb Code     0  _printf_i.o(.ARM.Collect$$_printf_percent$$00000008)
    _printf_d                                0x080001c9   Thumb Code     0  _printf_d.o(.ARM.Collect$$_printf_percent$$00000009)
    _printf_u                                0x080001cf   Thumb Code     0  _printf_u.o(.ARM.Collect$$_printf_percent$$0000000A)
    _printf_o                                0x080001d5   Thumb Code     0  _printf_o.o(.ARM.Collect$$_printf_percent$$0000000B)
    _printf_x                                0x080001db   Thumb Code     0  _printf_x.o(.ARM.Collect$$_printf_percent$$0000000C)
    _printf_lli                              0x080001e1   Thumb Code     0  _printf_lli.o(.ARM.Collect$$_printf_percent$$0000000D)
    _printf_lld                              0x080001e7   Thumb Code     0  _printf_lld.o(.ARM.Collect$$_printf_percent$$0000000E)
    _printf_llu                              0x080001ed   Thumb Code     0  _printf_llu.o(.ARM.Collect$$_printf_percent$$0000000F)
    _printf_llo                              0x080001f3   Thumb Code     0  _printf_llo.o(.ARM.Collect$$_printf_percent$$00000010)
    _printf_llx                              0x080001f9   Thumb Code     0  _printf_llx.o(.ARM.Collect$$_printf_percent$$00000011)
    _printf_l                                0x080001ff   Thumb Code     0  _printf_l.o(.ARM.Collect$$_printf_percent$$00000012)
    _printf_c                                0x08000209   Thumb Code     0  _printf_c.o(.ARM.Collect$$_printf_percent$$00000013)
    _printf_s                                0x0800020f   Thumb Code     0  _printf_s.o(.ARM.Collect$$_printf_percent$$00000014)
    _printf_lc                               0x08000215   Thumb Code     0  _printf_lc.o(.ARM.Collect$$_printf_percent$$00000015)
    _printf_ls                               0x0800021b   Thumb Code     0  _printf_ls.o(.ARM.Collect$$_printf_percent$$00000016)
    _printf_percent_end                      0x08000221   Thumb Code     0  _printf_percent_end.o(.ARM.Collect$$_printf_percent$$00000017)
    __rt_lib_init                            0x08000225   Thumb Code     0  libinit.o(.ARM.Collect$$libinit$$00000000)
    __rt_lib_init_fp_1                       0x08000227   Thumb Code     0  libinit2.o(.ARM.Collect$$libinit$$00000002)
    __rt_lib_init_heap_1                     0x08000227   Thumb Code     0  libinit2.o(.ARM.Collect$$libinit$$0000000A)
    __rt_lib_init_lc_common                  0x08000227   Thumb Code     0  libinit2.o(.ARM.Collect$$libinit$$0000000F)
    __rt_lib_init_preinit_1                  0x08000227   Thumb Code     0  libinit2.o(.ARM.Collect$$libinit$$00000004)
    __rt_lib_init_rand_1                     0x08000227   Thumb Code     0  libinit2.o(.ARM.Collect$$libinit$$0000000E)
    __rt_lib_init_user_alloc_1               0x08000227   Thumb Code     0  libinit2.o(.ARM.Collect$$libinit$$0000000C)
    __rt_lib_init_lc_collate_1               0x0800022d   Thumb Code     0  libinit2.o(.ARM.Collect$$libinit$$00000011)
    __rt_lib_init_lc_ctype_2                 0x0800022d   Thumb Code     0  libinit2.o(.ARM.Collect$$libinit$$00000012)
    __rt_lib_init_lc_ctype_1                 0x08000239   Thumb Code     0  libinit2.o(.ARM.Collect$$libinit$$00000013)
    __rt_lib_init_lc_monetary_1              0x08000239   Thumb Code     0  libinit2.o(.ARM.Collect$$libinit$$00000015)
    __rt_lib_init_lc_numeric_2               0x08000239   Thumb Code     0  libinit2.o(.ARM.Collect$$libinit$$00000016)
    __rt_lib_init_alloca_1                   0x08000243   Thumb Code     0  libinit2.o(.ARM.Collect$$libinit$$0000002E)
    __rt_lib_init_argv_1                     0x08000243   Thumb Code     0  libinit2.o(.ARM.Collect$$libinit$$0000002C)
    __rt_lib_init_atexit_1                   0x08000243   Thumb Code     0  libinit2.o(.ARM.Collect$$libinit$$0000001B)
    __rt_lib_init_clock_1                    0x08000243   Thumb Code     0  libinit2.o(.ARM.Collect$$libinit$$00000021)
    __rt_lib_init_cpp_1                      0x08000243   Thumb Code     0  libinit2.o(.ARM.Collect$$libinit$$00000032)
    __rt_lib_init_exceptions_1               0x08000243   Thumb Code     0  libinit2.o(.ARM.Collect$$libinit$$00000030)
    __rt_lib_init_fp_trap_1                  0x08000243   Thumb Code     0  libinit2.o(.ARM.Collect$$libinit$$0000001F)
    __rt_lib_init_getenv_1                   0x08000243   Thumb Code     0  libinit2.o(.ARM.Collect$$libinit$$00000023)
    __rt_lib_init_lc_numeric_1               0x08000243   Thumb Code     0  libinit2.o(.ARM.Collect$$libinit$$00000017)
    __rt_lib_init_lc_time_1                  0x08000243   Thumb Code     0  libinit2.o(.ARM.Collect$$libinit$$00000019)
    __rt_lib_init_return                     0x08000243   Thumb Code     0  libinit2.o(.ARM.Collect$$libinit$$00000033)
    __rt_lib_init_signal_1                   0x08000243   Thumb Code     0  libinit2.o(.ARM.Collect$$libinit$$0000001D)
    __rt_lib_init_stdio_1                    0x08000243   Thumb Code     0  libinit2.o(.ARM.Collect$$libinit$$00000025)
    __rt_lib_shutdown                        0x08000245   Thumb Code     0  libshutdown.o(.ARM.Collect$$libshutdown$$00000000)
    __rt_lib_shutdown_cpp_1                  0x08000247   Thumb Code     0  libshutdown2.o(.ARM.Collect$$libshutdown$$00000004)
    __rt_lib_shutdown_fini_1                 0x08000247   Thumb Code     0  libshutdown2.o(.ARM.Collect$$libshutdown$$00000002)
    __rt_lib_shutdown_fp_trap_1              0x08000247   Thumb Code     0  libshutdown2.o(.ARM.Collect$$libshutdown$$00000009)
    __rt_lib_shutdown_heap_1                 0x08000247   Thumb Code     0  libshutdown2.o(.ARM.Collect$$libshutdown$$00000011)
    __rt_lib_shutdown_return                 0x08000247   Thumb Code     0  libshutdown2.o(.ARM.Collect$$libshutdown$$00000012)
    __rt_lib_shutdown_signal_1               0x08000247   Thumb Code     0  libshutdown2.o(.ARM.Collect$$libshutdown$$0000000C)
    __rt_lib_shutdown_stdio_1                0x08000247   Thumb Code     0  libshutdown2.o(.ARM.Collect$$libshutdown$$00000006)
    __rt_lib_shutdown_user_alloc_1           0x08000247   Thumb Code     0  libshutdown2.o(.ARM.Collect$$libshutdown$$0000000E)
    __rt_entry                               0x08000249   Thumb Code     0  __rtentry.o(.ARM.Collect$$rtentry$$00000000)
    __rt_entry_presh_1                       0x08000249   Thumb Code     0  __rtentry2.o(.ARM.Collect$$rtentry$$00000002)
    __rt_entry_sh                            0x08000249   Thumb Code     0  __rtentry4.o(.ARM.Collect$$rtentry$$00000004)
    __rt_entry_li                            0x0800024f   Thumb Code     0  __rtentry2.o(.ARM.Collect$$rtentry$$0000000A)
    __rt_entry_postsh_1                      0x0800024f   Thumb Code     0  __rtentry2.o(.ARM.Collect$$rtentry$$00000009)
    __rt_entry_main                          0x08000253   Thumb Code     0  __rtentry2.o(.ARM.Collect$$rtentry$$0000000D)
    __rt_entry_postli_1                      0x08000253   Thumb Code     0  __rtentry2.o(.ARM.Collect$$rtentry$$0000000C)
    __rt_exit                                0x0800025b   Thumb Code     0  rtexit.o(.ARM.Collect$$rtexit$$00000000)
    __rt_exit_ls                             0x0800025d   Thumb Code     0  rtexit2.o(.ARM.Collect$$rtexit$$00000003)
    __rt_exit_prels_1                        0x0800025d   Thumb Code     0  rtexit2.o(.ARM.Collect$$rtexit$$00000002)
    __rt_exit_exit                           0x08000261   Thumb Code     0  rtexit2.o(.ARM.Collect$$rtexit$$00000004)
    Reset_Handler                            0x08000269   Thumb Code     8  startup_stm32f100xb.o(.text)
    ADC1_IRQHandler                          0x08000283   Thumb Code     0  startup_stm32f100xb.o(.text)
    CEC_IRQHandler                           0x08000283   Thumb Code     0  startup_stm32f100xb.o(.text)
    DMA1_Channel1_IRQHandler                 0x08000283   Thumb Code     0  startup_stm32f100xb.o(.text)
    DMA1_Channel2_IRQHandler                 0x08000283   Thumb Code     0  startup_stm32f100xb.o(.text)
    DMA1_Channel3_IRQHandler                 0x08000283   Thumb Code     0  startup_stm32f100xb.o(.text)
    DMA1_Channel4_IRQHandler                 0x08000283   Thumb Code     0  startup_stm32f100xb.o(.text)
    DMA1_Channel5_IRQHandler                 0x08000283   Thumb Code     0  startup_stm32f100xb.o(.text)
    DMA1_Channel6_IRQHandler                 0x08000283   Thumb Code     0  startup_stm32f100xb.o(.text)
    DMA1_Channel7_IRQHandler                 0x08000283   Thumb Code     0  startup_stm32f100xb.o(.text)
    EXTI0_IRQHandler                         0x08000283   Thumb Code     0  startup_stm32f100xb.o(.text)
    EXTI15_10_IRQHandler                     0x08000283   Thumb Code     0  startup_stm32f100xb.o(.text)
    EXTI1_IRQHandler                         0x08000283   Thumb Code     0  startup_stm32f100xb.o(.text)
    EXTI2_IRQHandler                         0x08000283   Thumb Code     0  startup_stm32f100xb.o(.text)
    EXTI3_IRQHandler                         0x08000283   Thumb Code     0  startup_stm32f100xb.o(.text)
    EXTI4_IRQHandler                         0x08000283   Thumb Code     0  startup_stm32f100xb.o(.text)
    EXTI9_5_IRQHandler                       0x08000283   Thumb Code     0  startup_stm32f100xb.o(.text)
    FLASH_IRQHandler                         0x08000283   Thumb Code     0  startup_stm32f100xb.o(.text)
    I2C1_ER_IRQHandler                       0x08000283   Thumb Code     0  startup_stm32f100xb.o(.text)
    I2C1_EV_IRQHandler                       0x08000283   Thumb Code     0  startup_stm32f100xb.o(.text)
    I2C2_ER_IRQHandler                       0x08000283   Thumb Code     0  startup_stm32f100xb.o(.text)
    I2C2_EV_IRQHandler                       0x08000283   Thumb Code     0  startup_stm32f100xb.o(.text)
    PVD_IRQHandler                           0x08000283   Thumb Code     0  startup_stm32f100xb.o(.text)
    RCC_IRQHandler                           0x08000283   Thumb Code     0  startup_stm32f100xb.o(.text)
    RTC_Alarm_IRQHandler                     0x08000283   Thumb Code     0  startup_stm32f100xb.o(.text)
    RTC_IRQHandler                           0x08000283   Thumb Code     0  startup_stm32f100xb.o(.text)
    SPI1_IRQHandler                          0x08000283   Thumb Code     0  startup_stm32f100xb.o(.text)
    SPI2_IRQHandler                          0x08000283   Thumb Code     0  startup_stm32f100xb.o(.text)
    TAMPER_IRQHandler                        0x08000283   Thumb Code     0  startup_stm32f100xb.o(.text)
    TIM1_BRK_TIM15_IRQHandler                0x08000283   Thumb Code     0  startup_stm32f100xb.o(.text)
    TIM1_CC_IRQHandler                       0x08000283   Thumb Code     0  startup_stm32f100xb.o(.text)
    TIM1_TRG_COM_TIM17_IRQHandler            0x08000283   Thumb Code     0  startup_stm32f100xb.o(.text)
    TIM1_UP_TIM16_IRQHandler                 0x08000283   Thumb Code     0  startup_stm32f100xb.o(.text)
    TIM2_IRQHandler                          0x08000283   Thumb Code     0  startup_stm32f100xb.o(.text)
    TIM3_IRQHandler                          0x08000283   Thumb Code     0  startup_stm32f100xb.o(.text)
    TIM4_IRQHandler                          0x08000283   Thumb Code     0  startup_stm32f100xb.o(.text)
    TIM6_DAC_IRQHandler                      0x08000283   Thumb Code     0  startup_stm32f100xb.o(.text)
    TIM7_IRQHandler                          0x08000283   Thumb Code     0  startup_stm32f100xb.o(.text)
    USART1_IRQHandler                        0x08000283   Thumb Code     0  startup_stm32f100xb.o(.text)
    USART2_IRQHandler                        0x08000283   Thumb Code     0  startup_stm32f100xb.o(.text)
    USART3_IRQHandler                        0x08000283   Thumb Code     0  startup_stm32f100xb.o(.text)
    WWDG_IRQHandler                          0x08000283   Thumb Code     0  startup_stm32f100xb.o(.text)
    __user_initial_stackheap                 0x08000285   Thumb Code     0  startup_stm32f100xb.o(.text)
    vsprintf                                 0x080002a9   Thumb Code    32  vsprintf.o(.text)
    __aeabi_memclr4                          0x080002cd   Thumb Code     0  rt_memclr_w.o(.text)
    __aeabi_memclr8                          0x080002cd   Thumb Code     0  rt_memclr_w.o(.text)
    __rt_memclr_w                            0x080002cd   Thumb Code    78  rt_memclr_w.o(.text)
    _memset_w                                0x080002d1   Thumb Code     0  rt_memclr_w.o(.text)
    __use_two_region_memory                  0x0800031b   Thumb Code     2  heapauxi.o(.text)
    __rt_heap_escrow$2region                 0x0800031d   Thumb Code     2  heapauxi.o(.text)
    __rt_heap_expand$2region                 0x0800031f   Thumb Code     2  heapauxi.o(.text)
    _printf_pre_padding                      0x08000321   Thumb Code    44  _printf_pad.o(.text)
    _printf_post_padding                     0x0800034d   Thumb Code    34  _printf_pad.o(.text)
    _printf_truncate_signed                  0x0800036f   Thumb Code    18  _printf_truncate.o(.text)
    _printf_truncate_unsigned                0x08000381   Thumb Code    18  _printf_truncate.o(.text)
    _printf_str                              0x08000393   Thumb Code    82  _printf_str.o(.text)
    _printf_int_dec                          0x080003e5   Thumb Code   104  _printf_dec.o(.text)
    _printf_charcount                        0x0800045d   Thumb Code    40  _printf_charcount.o(.text)
    _printf_char_common                      0x0800048f   Thumb Code    32  _printf_char_common.o(.text)
    _sputc                                   0x080004b5   Thumb Code    10  _sputc.o(.text)
    _printf_wctomb                           0x080004c1   Thumb Code   182  _printf_wctomb.o(.text)
    _printf_longlong_dec                     0x0800057d   Thumb Code   108  _printf_longlong_dec.o(.text)
    _printf_longlong_oct                     0x080005f9   Thumb Code    66  _printf_oct_int_ll.o(.text)
    _printf_int_oct                          0x0800063b   Thumb Code    24  _printf_oct_int_ll.o(.text)
    _printf_ll_oct                           0x08000653   Thumb Code    12  _printf_oct_int_ll.o(.text)
    _printf_longlong_hex                     0x08000669   Thumb Code    86  _printf_hex_int_ll_ptr.o(.text)
    _printf_int_hex                          0x080006bf   Thumb Code    28  _printf_hex_int_ll_ptr.o(.text)
    _printf_ll_hex                           0x080006db   Thumb Code    12  _printf_hex_int_ll_ptr.o(.text)
    _printf_hex_ptr                          0x080006e7   Thumb Code    18  _printf_hex_int_ll_ptr.o(.text)
    __printf                                 0x080006fd   Thumb Code   388  __printf_flags_ss_wp.o(.text)
    _ll_udiv10                               0x08000885   Thumb Code   138  lludiv10.o(.text)
    _printf_int_common                       0x0800090f   Thumb Code   178  _printf_intcommon.o(.text)
    __lib_sel_fp_printf                      0x080009c1   Thumb Code     2  _printf_fp_dec.o(.text)
    _printf_fp_dec_real                      0x08000b73   Thumb Code   620  _printf_fp_dec.o(.text)
    _printf_fp_hex_real                      0x08000de1   Thumb Code   756  _printf_fp_hex.o(.text)
    _printf_cs_common                        0x080010dd   Thumb Code    20  _printf_char.o(.text)
    _printf_char                             0x080010f1   Thumb Code    16  _printf_char.o(.text)
    _printf_string                           0x08001101   Thumb Code     8  _printf_char.o(.text)
    _printf_lcs_common                       0x08001109   Thumb Code    20  _printf_wchar.o(.text)
    _printf_wchar                            0x0800111d   Thumb Code    16  _printf_wchar.o(.text)
    _printf_wstring                          0x0800112d   Thumb Code     8  _printf_wchar.o(.text)
    _wcrtomb                                 0x08001135   Thumb Code    64  _wcrtomb.o(.text)
    __user_setup_stackheap                   0x08001175   Thumb Code    74  sys_stackheap_outer.o(.text)
    __rt_ctype_table                         0x080011c1   Thumb Code    16  rt_ctype_table.o(.text)
    __rt_locale                              0x080011d1   Thumb Code     8  rt_locale_intlibspace.o(.text)
    _printf_fp_infnan                        0x080011d9   Thumb Code   112  _printf_fp_infnan.o(.text)
    _btod_etento                             0x08001259   Thumb Code   224  bigflt0.o(.text)
    exit                                     0x0800133d   Thumb Code    18  exit.o(.text)
    __user_libspace                          0x08001351   Thumb Code     8  libspace.o(.text)
    __user_perproc_libspace                  0x08001351   Thumb Code     0  libspace.o(.text)
    __user_perthread_libspace                0x08001351   Thumb Code     0  libspace.o(.text)
    strcmp                                   0x08001359   Thumb Code   128  strcmpv7m.o(.text)
    _sys_exit                                0x080013d9   Thumb Code     8  sys_exit.o(.text)
    __I$use$semihosting                      0x080013e5   Thumb Code     0  use_no_semi.o(.text)
    __use_no_semihosting_swi                 0x080013e5   Thumb Code     2  use_no_semi.o(.text)
    __semihosting_library_function           0x080013e7   Thumb Code     0  indicate_semi.o(.text)
    _btod_d2e                                0x080013e7   Thumb Code    62  btod.o(CL$$btod_d2e)
    _d2e_denorm_low                          0x08001425   Thumb Code    70  btod.o(CL$$btod_d2e_denorm_low)
    _d2e_norm_op1                            0x0800146b   Thumb Code    96  btod.o(CL$$btod_d2e_norm_op1)
    __btod_div_common                        0x080014cb   Thumb Code   696  btod.o(CL$$btod_div_common)
    _e2e                                     0x08001803   Thumb Code   220  btod.o(CL$$btod_e2e)
    _btod_ediv                               0x080018df   Thumb Code    42  btod.o(CL$$btod_ediv)
    _btod_emul                               0x08001909   Thumb Code    42  btod.o(CL$$btod_emul)
    __btod_mult_common                       0x08001933   Thumb Code   580  btod.o(CL$$btod_mult_common)
    BusFault_Handler                         0x08001b77   Thumb Code     2  stm32f1xx_it.o(i.BusFault_Handler)
    DebugMon_Handler                         0x08001b79   Thumb Code     2  stm32f1xx_it.o(i.DebugMon_Handler)
    HAL_Delay                                0x08001b7d   Thumb Code    32  stm32f1xx_hal.o(i.HAL_Delay)
    HAL_GPIO_Init                            0x08001ba1   Thumb Code   446  stm32f1xx_hal_gpio.o(i.HAL_GPIO_Init)
    HAL_GPIO_WritePin                        0x08001d81   Thumb Code    10  stm32f1xx_hal_gpio.o(i.HAL_GPIO_WritePin)
    HAL_GetTick                              0x08001d8d   Thumb Code     6  stm32f1xx_hal.o(i.HAL_GetTick)
    HAL_I2C_Init                             0x08001d99   Thumb Code   376  stm32f1xx_hal_i2c.o(i.HAL_I2C_Init)
    HAL_I2C_Mem_Read                         0x08001f21   Thumb Code   574  stm32f1xx_hal_i2c.o(i.HAL_I2C_Mem_Read)
    HAL_I2C_Mem_Write                        0x08002171   Thumb Code   294  stm32f1xx_hal_i2c.o(i.HAL_I2C_Mem_Write)
    HAL_I2C_MspInit                          0x080022a1   Thumb Code    80  stm32f1xx_hal_msp.o(i.HAL_I2C_MspInit)
    HAL_IncTick                              0x080022fd   Thumb Code    12  stm32f1xx_hal.o(i.HAL_IncTick)
    HAL_Init                                 0x0800230d   Thumb Code    22  stm32f1xx_hal.o(i.HAL_Init)
    HAL_InitTick                             0x08002325   Thumb Code    54  stm32f1xx_hal.o(i.HAL_InitTick)
    HAL_MspInit                              0x08002365   Thumb Code    52  stm32f1xx_hal_msp.o(i.HAL_MspInit)
    HAL_NVIC_SetPriority                     0x080023a1   Thumb Code    60  stm32f1xx_hal_cortex.o(i.HAL_NVIC_SetPriority)
    HAL_NVIC_SetPriorityGrouping             0x080023e1   Thumb Code    26  stm32f1xx_hal_cortex.o(i.HAL_NVIC_SetPriorityGrouping)
    HAL_RCC_ClockConfig                      0x08002405   Thumb Code   214  stm32f1xx_hal_rcc.o(i.HAL_RCC_ClockConfig)
    HAL_RCC_GetPCLK1Freq                     0x080024ed   Thumb Code    20  stm32f1xx_hal_rcc.o(i.HAL_RCC_GetPCLK1Freq)
    HAL_RCC_GetPCLK2Freq                     0x0800250d   Thumb Code    20  stm32f1xx_hal_rcc.o(i.HAL_RCC_GetPCLK2Freq)
    HAL_RCC_GetSysClockFreq                  0x0800252d   Thumb Code    80  stm32f1xx_hal_rcc.o(i.HAL_RCC_GetSysClockFreq)
    HAL_RCC_OscConfig                        0x080025a9   Thumb Code   778  stm32f1xx_hal_rcc.o(i.HAL_RCC_OscConfig)
    HAL_SYSTICK_Config                       0x080028c9   Thumb Code    40  stm32f1xx_hal_cortex.o(i.HAL_SYSTICK_Config)
    HAL_UART_Init                            0x080028f1   Thumb Code    98  stm32f1xx_hal_uart.o(i.HAL_UART_Init)
    HAL_UART_MspInit                         0x08002955   Thumb Code   100  stm32f1xx_hal_msp.o(i.HAL_UART_MspInit)
    HAL_UART_Transmit                        0x080029c5   Thumb Code   178  stm32f1xx_hal_uart.o(i.HAL_UART_Transmit)
    HardFault_Handler                        0x08002a77   Thumb Code     2  stm32f1xx_it.o(i.HardFault_Handler)
    MemManage_Handler                        0x08002ec9   Thumb Code     2  stm32f1xx_it.o(i.MemManage_Handler)
    NMI_Handler                              0x08002ecb   Thumb Code     2  stm32f1xx_it.o(i.NMI_Handler)
    PendSV_Handler                           0x08002ecd   Thumb Code     2  stm32f1xx_it.o(i.PendSV_Handler)
    SVC_Handler                              0x08002ecf   Thumb Code     2  stm32f1xx_it.o(i.SVC_Handler)
    SysTick_Handler                          0x08002ed1   Thumb Code     4  stm32f1xx_it.o(i.SysTick_Handler)
    SystemClock_Config                       0x08002ed5   Thumb Code    80  main.o(i.SystemClock_Config)
    SystemInit                               0x08002f25   Thumb Code     2  system_stm32f1xx.o(i.SystemInit)
    UsageFault_Handler                       0x080030a9   Thumb Code     2  stm32f1xx_it.o(i.UsageFault_Handler)
    __ARM_fpclassify                         0x080030ab   Thumb Code    40  fpclassify.o(i.__ARM_fpclassify)
    _is_digit                                0x080030f3   Thumb Code    14  __printf_wp.o(i._is_digit)
    bmi160_get_offsets                       0x08003101   Thumb Code   138  bmi160_1.o(i.bmi160_get_offsets)
    bmi160_get_regs                          0x0800318b   Thumb Code    56  bmi160_1.o(i.bmi160_get_regs)
    bmi160_get_sensor_data                   0x080031c3   Thumb Code    84  bmi160_1.o(i.bmi160_get_sensor_data)
    bmi160_init                              0x08003217   Thumb Code    90  bmi160_1.o(i.bmi160_init)
    bmi160_set_power_mode                    0x08003271   Thumb Code   174  bmi160_1.o(i.bmi160_set_power_mode)
    bmi160_set_regs                          0x0800331f   Thumb Code   158  bmi160_1.o(i.bmi160_set_regs)
    bmi160_set_sens_conf                     0x080033bd   Thumb Code   218  bmi160_1.o(i.bmi160_set_sens_conf)
    bmi160_soft_reset                        0x08003497   Thumb Code    94  bmi160_1.o(i.bmi160_soft_reset)
    bmi160_start_foc                         0x080034f5   Thumb Code   162  bmi160_1.o(i.bmi160_start_foc)
    bmi160_update_nvm                        0x08003597   Thumb Code   110  bmi160_1.o(i.bmi160_update_nvm)
    bmi_clibration                           0x08003605   Thumb Code   138  main.o(i.bmi_clibration)
    i2c_test_bmi                             0x080039f9   Thumb Code   100  main.o(i.i2c_test_bmi)
    main                                     0x08003b99   Thumb Code   204  main.o(i.main)
    uprint                                   0x08003db1   Thumb Code    42  main.o(i.uprint)
    _get_lc_numeric                          0x08003de1   Thumb Code    44  lc_numeric_c.o(locale$$code)
    _get_lc_ctype                            0x08003e0d   Thumb Code    44  lc_ctype_c.o(locale$$code)
    _printf_fp_dec                           0x08003e39   Thumb Code     4  printf1.o(x$fpl$printf1)
    _printf_fp_hex                           0x08003e3d   Thumb Code     4  printf2.o(x$fpl$printf2)
    AHBPrescTable                            0x08003e40   Data          16  system_stm32f1xx.o(.constdata)
    __I$use$fp                               0x08003e40   Number         0  usenofp.o(x$fpl$usenofp)
    APBPrescTable                            0x08003e50   Data           8  system_stm32f1xx.o(.constdata)
    Region$$Table$$Base                      0x08003f54   Number         0  anon$$obj.o(Region$$Table)
    Region$$Table$$Limit                     0x08003f74   Number         0  anon$$obj.o(Region$$Table)
    __ctype                                  0x08003f9d   Data           0  lc_ctype_c.o(locale$$data)
    uwTickFreq                               0x20000000   Data           1  stm32f1xx_hal.o(.data)
    uwTickPrio                               0x20000004   Data           4  stm32f1xx_hal.o(.data)
    uwTick                                   0x20000008   Data           4  stm32f1xx_hal.o(.data)
    SystemCoreClock                          0x2000000c   Data           4  system_stm32f1xx.o(.data)
    hi2c1                                    0x20000010   Data          84  main.o(.bss)
    huart1                                   0x20000064   Data          68  main.o(.bss)
    bmi160dev                                0x200000a8   Data          52  main.o(.bss)
    buffer                                   0x200000dc   Data         100  main.o(.bss)
    __libspace_start                         0x20000140   Data          96  libspace.o(.bss)
    __temporary_stack_top$libspace           0x200001a0   Data           0  libspace.o(.bss)



==============================================================================

Memory Map of the image

  Image Entry point : 0x08000121

  Load Region LR_IROM1 (Base: 0x08000000, Size: 0x000040b0, Max: 0x00020000, ABSOLUTE)

    Execution Region ER_IROM1 (Exec base: 0x08000000, Load base: 0x08000000, Size: 0x000040a0, Max: 0x00020000, ABSOLUTE)

    Exec Addr    Load Addr    Size         Type   Attr      Idx    E Section Name        Object

    0x08000000   0x08000000   0x00000120   Data   RO            3    RESET               startup_stm32f100xb.o
    0x08000120   0x08000120   0x00000008   Code   RO         2451  * !!!main             c_w.l(__main.o)
    0x08000128   0x08000128   0x00000034   Code   RO         2774    !!!scatter          c_w.l(__scatter.o)
    0x0800015c   0x0800015c   0x0000001a   Code   RO         2776    !!handler_copy      c_w.l(__scatter_copy.o)
    0x08000176   0x08000176   0x00000002   PAD
    0x08000178   0x08000178   0x0000001c   Code   RO         2778    !!handler_zi        c_w.l(__scatter_zi.o)
    0x08000194   0x08000194   0x00000000   Code   RO         2535    .ARM.Collect$$_printf_percent$$00000000  c_w.l(_printf_percent.o)
    0x08000194   0x08000194   0x00000006   Code   RO         2524    .ARM.Collect$$_printf_percent$$00000001  c_w.l(_printf_n.o)
    0x0800019a   0x0800019a   0x00000006   Code   RO         2526    .ARM.Collect$$_printf_percent$$00000002  c_w.l(_printf_p.o)
    0x080001a0   0x080001a0   0x00000006   Code   RO         2531    .ARM.Collect$$_printf_percent$$00000003  c_w.l(_printf_f.o)
    0x080001a6   0x080001a6   0x00000006   Code   RO         2532    .ARM.Collect$$_printf_percent$$00000004  c_w.l(_printf_e.o)
    0x080001ac   0x080001ac   0x00000006   Code   RO         2533    .ARM.Collect$$_printf_percent$$00000005  c_w.l(_printf_g.o)
    0x080001b2   0x080001b2   0x00000006   Code   RO         2534    .ARM.Collect$$_printf_percent$$00000006  c_w.l(_printf_a.o)
    0x080001b8   0x080001b8   0x0000000a   Code   RO         2539    .ARM.Collect$$_printf_percent$$00000007  c_w.l(_printf_ll.o)
    0x080001c2   0x080001c2   0x00000006   Code   RO         2528    .ARM.Collect$$_printf_percent$$00000008  c_w.l(_printf_i.o)
    0x080001c8   0x080001c8   0x00000006   Code   RO         2529    .ARM.Collect$$_printf_percent$$00000009  c_w.l(_printf_d.o)
    0x080001ce   0x080001ce   0x00000006   Code   RO         2530    .ARM.Collect$$_printf_percent$$0000000A  c_w.l(_printf_u.o)
    0x080001d4   0x080001d4   0x00000006   Code   RO         2527    .ARM.Collect$$_printf_percent$$0000000B  c_w.l(_printf_o.o)
    0x080001da   0x080001da   0x00000006   Code   RO         2525    .ARM.Collect$$_printf_percent$$0000000C  c_w.l(_printf_x.o)
    0x080001e0   0x080001e0   0x00000006   Code   RO         2536    .ARM.Collect$$_printf_percent$$0000000D  c_w.l(_printf_lli.o)
    0x080001e6   0x080001e6   0x00000006   Code   RO         2537    .ARM.Collect$$_printf_percent$$0000000E  c_w.l(_printf_lld.o)
    0x080001ec   0x080001ec   0x00000006   Code   RO         2538    .ARM.Collect$$_printf_percent$$0000000F  c_w.l(_printf_llu.o)
    0x080001f2   0x080001f2   0x00000006   Code   RO         2543    .ARM.Collect$$_printf_percent$$00000010  c_w.l(_printf_llo.o)
    0x080001f8   0x080001f8   0x00000006   Code   RO         2544    .ARM.Collect$$_printf_percent$$00000011  c_w.l(_printf_llx.o)
    0x080001fe   0x080001fe   0x0000000a   Code   RO         2540    .ARM.Collect$$_printf_percent$$00000012  c_w.l(_printf_l.o)
    0x08000208   0x08000208   0x00000006   Code   RO         2522    .ARM.Collect$$_printf_percent$$00000013  c_w.l(_printf_c.o)
    0x0800020e   0x0800020e   0x00000006   Code   RO         2523    .ARM.Collect$$_printf_percent$$00000014  c_w.l(_printf_s.o)
    0x08000214   0x08000214   0x00000006   Code   RO         2541    .ARM.Collect$$_printf_percent$$00000015  c_w.l(_printf_lc.o)
    0x0800021a   0x0800021a   0x00000006   Code   RO         2542    .ARM.Collect$$_printf_percent$$00000016  c_w.l(_printf_ls.o)
    0x08000220   0x08000220   0x00000004   Code   RO         2583    .ARM.Collect$$_printf_percent$$00000017  c_w.l(_printf_percent_end.o)
    0x08000224   0x08000224   0x00000002   Code   RO         2632    .ARM.Collect$$libinit$$00000000  c_w.l(libinit.o)
    0x08000226   0x08000226   0x00000000   Code   RO         2649    .ARM.Collect$$libinit$$00000002  c_w.l(libinit2.o)
    0x08000226   0x08000226   0x00000000   Code   RO         2651    .ARM.Collect$$libinit$$00000004  c_w.l(libinit2.o)
    0x08000226   0x08000226   0x00000000   Code   RO         2654    .ARM.Collect$$libinit$$0000000A  c_w.l(libinit2.o)
    0x08000226   0x08000226   0x00000000   Code   RO         2656    .ARM.Collect$$libinit$$0000000C  c_w.l(libinit2.o)
    0x08000226   0x08000226   0x00000000   Code   RO         2658    .ARM.Collect$$libinit$$0000000E  c_w.l(libinit2.o)
    0x08000226   0x08000226   0x00000006   Code   RO         2659    .ARM.Collect$$libinit$$0000000F  c_w.l(libinit2.o)
    0x0800022c   0x0800022c   0x00000000   Code   RO         2661    .ARM.Collect$$libinit$$00000011  c_w.l(libinit2.o)
    0x0800022c   0x0800022c   0x0000000c   Code   RO         2662    .ARM.Collect$$libinit$$00000012  c_w.l(libinit2.o)
    0x08000238   0x08000238   0x00000000   Code   RO         2663    .ARM.Collect$$libinit$$00000013  c_w.l(libinit2.o)
    0x08000238   0x08000238   0x00000000   Code   RO         2665    .ARM.Collect$$libinit$$00000015  c_w.l(libinit2.o)
    0x08000238   0x08000238   0x0000000a   Code   RO         2666    .ARM.Collect$$libinit$$00000016  c_w.l(libinit2.o)
    0x08000242   0x08000242   0x00000000   Code   RO         2667    .ARM.Collect$$libinit$$00000017  c_w.l(libinit2.o)
    0x08000242   0x08000242   0x00000000   Code   RO         2669    .ARM.Collect$$libinit$$00000019  c_w.l(libinit2.o)
    0x08000242   0x08000242   0x00000000   Code   RO         2671    .ARM.Collect$$libinit$$0000001B  c_w.l(libinit2.o)
    0x08000242   0x08000242   0x00000000   Code   RO         2673    .ARM.Collect$$libinit$$0000001D  c_w.l(libinit2.o)
    0x08000242   0x08000242   0x00000000   Code   RO         2675    .ARM.Collect$$libinit$$0000001F  c_w.l(libinit2.o)
    0x08000242   0x08000242   0x00000000   Code   RO         2677    .ARM.Collect$$libinit$$00000021  c_w.l(libinit2.o)
    0x08000242   0x08000242   0x00000000   Code   RO         2679    .ARM.Collect$$libinit$$00000023  c_w.l(libinit2.o)
    0x08000242   0x08000242   0x00000000   Code   RO         2681    .ARM.Collect$$libinit$$00000025  c_w.l(libinit2.o)
    0x08000242   0x08000242   0x00000000   Code   RO         2685    .ARM.Collect$$libinit$$0000002C  c_w.l(libinit2.o)
    0x08000242   0x08000242   0x00000000   Code   RO         2687    .ARM.Collect$$libinit$$0000002E  c_w.l(libinit2.o)
    0x08000242   0x08000242   0x00000000   Code   RO         2689    .ARM.Collect$$libinit$$00000030  c_w.l(libinit2.o)
    0x08000242   0x08000242   0x00000000   Code   RO         2691    .ARM.Collect$$libinit$$00000032  c_w.l(libinit2.o)
    0x08000242   0x08000242   0x00000002   Code   RO         2692    .ARM.Collect$$libinit$$00000033  c_w.l(libinit2.o)
    0x08000244   0x08000244   0x00000002   Code   RO         2712    .ARM.Collect$$libshutdown$$00000000  c_w.l(libshutdown.o)
    0x08000246   0x08000246   0x00000000   Code   RO         2725    .ARM.Collect$$libshutdown$$00000002  c_w.l(libshutdown2.o)
    0x08000246   0x08000246   0x00000000   Code   RO         2727    .ARM.Collect$$libshutdown$$00000004  c_w.l(libshutdown2.o)
    0x08000246   0x08000246   0x00000000   Code   RO         2729    .ARM.Collect$$libshutdown$$00000006  c_w.l(libshutdown2.o)
    0x08000246   0x08000246   0x00000000   Code   RO         2732    .ARM.Collect$$libshutdown$$00000009  c_w.l(libshutdown2.o)
    0x08000246   0x08000246   0x00000000   Code   RO         2735    .ARM.Collect$$libshutdown$$0000000C  c_w.l(libshutdown2.o)
    0x08000246   0x08000246   0x00000000   Code   RO         2737    .ARM.Collect$$libshutdown$$0000000E  c_w.l(libshutdown2.o)
    0x08000246   0x08000246   0x00000000   Code   RO         2740    .ARM.Collect$$libshutdown$$00000011  c_w.l(libshutdown2.o)
    0x08000246   0x08000246   0x00000002   Code   RO         2741    .ARM.Collect$$libshutdown$$00000012  c_w.l(libshutdown2.o)
    0x08000248   0x08000248   0x00000000   Code   RO         2453    .ARM.Collect$$rtentry$$00000000  c_w.l(__rtentry.o)
    0x08000248   0x08000248   0x00000000   Code   RO         2554    .ARM.Collect$$rtentry$$00000002  c_w.l(__rtentry2.o)
    0x08000248   0x08000248   0x00000006   Code   RO         2566    .ARM.Collect$$rtentry$$00000004  c_w.l(__rtentry4.o)
    0x0800024e   0x0800024e   0x00000000   Code   RO         2556    .ARM.Collect$$rtentry$$00000009  c_w.l(__rtentry2.o)
    0x0800024e   0x0800024e   0x00000004   Code   RO         2557    .ARM.Collect$$rtentry$$0000000A  c_w.l(__rtentry2.o)
    0x08000252   0x08000252   0x00000000   Code   RO         2559    .ARM.Collect$$rtentry$$0000000C  c_w.l(__rtentry2.o)
    0x08000252   0x08000252   0x00000008   Code   RO         2560    .ARM.Collect$$rtentry$$0000000D  c_w.l(__rtentry2.o)
    0x0800025a   0x0800025a   0x00000002   Code   RO         2641    .ARM.Collect$$rtexit$$00000000  c_w.l(rtexit.o)
    0x0800025c   0x0800025c   0x00000000   Code   RO         2694    .ARM.Collect$$rtexit$$00000002  c_w.l(rtexit2.o)
    0x0800025c   0x0800025c   0x00000004   Code   RO         2695    .ARM.Collect$$rtexit$$00000003  c_w.l(rtexit2.o)
    0x08000260   0x08000260   0x00000006   Code   RO         2696    .ARM.Collect$$rtexit$$00000004  c_w.l(rtexit2.o)
    0x08000266   0x08000266   0x00000002   PAD
    0x08000268   0x08000268   0x00000040   Code   RO            4    .text               startup_stm32f100xb.o
    0x080002a8   0x080002a8   0x00000024   Code   RO         2445    .text               c_w.l(vsprintf.o)
    0x080002cc   0x080002cc   0x0000004e   Code   RO         2447    .text               c_w.l(rt_memclr_w.o)
    0x0800031a   0x0800031a   0x00000006   Code   RO         2449    .text               c_w.l(heapauxi.o)
    0x08000320   0x08000320   0x0000004e   Code   RO         2456    .text               c_w.l(_printf_pad.o)
    0x0800036e   0x0800036e   0x00000024   Code   RO         2458    .text               c_w.l(_printf_truncate.o)
    0x08000392   0x08000392   0x00000052   Code   RO         2460    .text               c_w.l(_printf_str.o)
    0x080003e4   0x080003e4   0x00000078   Code   RO         2462    .text               c_w.l(_printf_dec.o)
    0x0800045c   0x0800045c   0x00000028   Code   RO         2464    .text               c_w.l(_printf_charcount.o)
    0x08000484   0x08000484   0x00000030   Code   RO         2466    .text               c_w.l(_printf_char_common.o)
    0x080004b4   0x080004b4   0x0000000a   Code   RO         2468    .text               c_w.l(_sputc.o)
    0x080004be   0x080004be   0x00000002   PAD
    0x080004c0   0x080004c0   0x000000bc   Code   RO         2470    .text               c_w.l(_printf_wctomb.o)
    0x0800057c   0x0800057c   0x0000007c   Code   RO         2473    .text               c_w.l(_printf_longlong_dec.o)
    0x080005f8   0x080005f8   0x00000070   Code   RO         2479    .text               c_w.l(_printf_oct_int_ll.o)
    0x08000668   0x08000668   0x00000094   Code   RO         2499    .text               c_w.l(_printf_hex_int_ll_ptr.o)
    0x080006fc   0x080006fc   0x00000188   Code   RO         2519    .text               c_w.l(__printf_flags_ss_wp.o)
    0x08000884   0x08000884   0x0000008a   Code   RO         2568    .text               c_w.l(lludiv10.o)
    0x0800090e   0x0800090e   0x000000b2   Code   RO         2570    .text               c_w.l(_printf_intcommon.o)
    0x080009c0   0x080009c0   0x0000041e   Code   RO         2572    .text               c_w.l(_printf_fp_dec.o)
    0x08000dde   0x08000dde   0x00000002   PAD
    0x08000de0   0x08000de0   0x000002fc   Code   RO         2574    .text               c_w.l(_printf_fp_hex.o)
    0x080010dc   0x080010dc   0x0000002c   Code   RO         2579    .text               c_w.l(_printf_char.o)
    0x08001108   0x08001108   0x0000002c   Code   RO         2581    .text               c_w.l(_printf_wchar.o)
    0x08001134   0x08001134   0x00000040   Code   RO         2584    .text               c_w.l(_wcrtomb.o)
    0x08001174   0x08001174   0x0000004a   Code   RO         2586    .text               c_w.l(sys_stackheap_outer.o)
    0x080011be   0x080011be   0x00000002   PAD
    0x080011c0   0x080011c0   0x00000010   Code   RO         2588    .text               c_w.l(rt_ctype_table.o)
    0x080011d0   0x080011d0   0x00000008   Code   RO         2593    .text               c_w.l(rt_locale_intlibspace.o)
    0x080011d8   0x080011d8   0x00000080   Code   RO         2595    .text               c_w.l(_printf_fp_infnan.o)
    0x08001258   0x08001258   0x000000e4   Code   RO         2597    .text               c_w.l(bigflt0.o)
    0x0800133c   0x0800133c   0x00000012   Code   RO         2625    .text               c_w.l(exit.o)
    0x0800134e   0x0800134e   0x00000002   PAD
    0x08001350   0x08001350   0x00000008   Code   RO         2638    .text               c_w.l(libspace.o)
    0x08001358   0x08001358   0x00000080   Code   RO         2646    .text               c_w.l(strcmpv7m.o)
    0x080013d8   0x080013d8   0x0000000c   Code   RO         2704    .text               c_w.l(sys_exit.o)
    0x080013e4   0x080013e4   0x00000002   Code   RO         2715    .text               c_w.l(use_no_semi.o)
    0x080013e6   0x080013e6   0x00000000   Code   RO         2717    .text               c_w.l(indicate_semi.o)
    0x080013e6   0x080013e6   0x0000003e   Code   RO         2600    CL$$btod_d2e        c_w.l(btod.o)
    0x08001424   0x08001424   0x00000046   Code   RO         2602    CL$$btod_d2e_denorm_low  c_w.l(btod.o)
    0x0800146a   0x0800146a   0x00000060   Code   RO         2601    CL$$btod_d2e_norm_op1  c_w.l(btod.o)
    0x080014ca   0x080014ca   0x00000338   Code   RO         2610    CL$$btod_div_common  c_w.l(btod.o)
    0x08001802   0x08001802   0x000000dc   Code   RO         2607    CL$$btod_e2e        c_w.l(btod.o)
    0x080018de   0x080018de   0x0000002a   Code   RO         2604    CL$$btod_ediv       c_w.l(btod.o)
    0x08001908   0x08001908   0x0000002a   Code   RO         2603    CL$$btod_emul       c_w.l(btod.o)
    0x08001932   0x08001932   0x00000244   Code   RO         2609    CL$$btod_mult_common  c_w.l(btod.o)
    0x08001b76   0x08001b76   0x00000002   Code   RO          204    i.BusFault_Handler  stm32f1xx_it.o
    0x08001b78   0x08001b78   0x00000002   Code   RO          205    i.DebugMon_Handler  stm32f1xx_it.o
    0x08001b7a   0x08001b7a   0x00000002   PAD
    0x08001b7c   0x08001b7c   0x00000024   Code   RO          802    i.HAL_Delay         stm32f1xx_hal.o
    0x08001ba0   0x08001ba0   0x000001e0   Code   RO         1110    i.HAL_GPIO_Init     stm32f1xx_hal_gpio.o
    0x08001d80   0x08001d80   0x0000000a   Code   RO         1114    i.HAL_GPIO_WritePin  stm32f1xx_hal_gpio.o
    0x08001d8a   0x08001d8a   0x00000002   PAD
    0x08001d8c   0x08001d8c   0x0000000c   Code   RO          806    i.HAL_GetTick       stm32f1xx_hal.o
    0x08001d98   0x08001d98   0x00000188   Code   RO          374    i.HAL_I2C_Init      stm32f1xx_hal_i2c.o
    0x08001f20   0x08001f20   0x00000250   Code   RO          392    i.HAL_I2C_Mem_Read  stm32f1xx_hal_i2c.o
    0x08002170   0x08002170   0x00000130   Code   RO          395    i.HAL_I2C_Mem_Write  stm32f1xx_hal_i2c.o
    0x080022a0   0x080022a0   0x0000005c   Code   RO          280    i.HAL_I2C_MspInit   stm32f1xx_hal_msp.o
    0x080022fc   0x080022fc   0x00000010   Code   RO          812    i.HAL_IncTick       stm32f1xx_hal.o
    0x0800230c   0x0800230c   0x00000016   Code   RO          813    i.HAL_Init          stm32f1xx_hal.o
    0x08002322   0x08002322   0x00000002   PAD
    0x08002324   0x08002324   0x00000040   Code   RO          814    i.HAL_InitTick      stm32f1xx_hal.o
    0x08002364   0x08002364   0x0000003c   Code   RO          281    i.HAL_MspInit       stm32f1xx_hal_msp.o
    0x080023a0   0x080023a0   0x00000040   Code   RO         1276    i.HAL_NVIC_SetPriority  stm32f1xx_hal_cortex.o
    0x080023e0   0x080023e0   0x00000024   Code   RO         1277    i.HAL_NVIC_SetPriorityGrouping  stm32f1xx_hal_cortex.o
    0x08002404   0x08002404   0x000000e8   Code   RO          970    i.HAL_RCC_ClockConfig  stm32f1xx_hal_rcc.o
    0x080024ec   0x080024ec   0x00000020   Code   RO          977    i.HAL_RCC_GetPCLK1Freq  stm32f1xx_hal_rcc.o
    0x0800250c   0x0800250c   0x00000020   Code   RO          978    i.HAL_RCC_GetPCLK2Freq  stm32f1xx_hal_rcc.o
    0x0800252c   0x0800252c   0x0000007c   Code   RO          979    i.HAL_RCC_GetSysClockFreq  stm32f1xx_hal_rcc.o
    0x080025a8   0x080025a8   0x00000320   Code   RO          982    i.HAL_RCC_OscConfig  stm32f1xx_hal_rcc.o
    0x080028c8   0x080028c8   0x00000028   Code   RO         1281    i.HAL_SYSTICK_Config  stm32f1xx_hal_cortex.o
    0x080028f0   0x080028f0   0x00000062   Code   RO         1835    i.HAL_UART_Init     stm32f1xx_hal_uart.o
    0x08002952   0x08002952   0x00000002   PAD
    0x08002954   0x08002954   0x00000070   Code   RO          283    i.HAL_UART_MspInit  stm32f1xx_hal_msp.o
    0x080029c4   0x080029c4   0x000000b2   Code   RO         1843    i.HAL_UART_Transmit  stm32f1xx_hal_uart.o
    0x08002a76   0x08002a76   0x00000002   Code   RO          206    i.HardFault_Handler  stm32f1xx_it.o
    0x08002a78   0x08002a78   0x0000002e   Code   RO          416    i.I2C_IsAcknowledgeFailed  stm32f1xx_hal_i2c.o
    0x08002aa6   0x08002aa6   0x00000002   PAD
    0x08002aa8   0x08002aa8   0x000000fc   Code   RO          426    i.I2C_RequestMemoryRead  stm32f1xx_hal_i2c.o
    0x08002ba4   0x08002ba4   0x000000a8   Code   RO          427    i.I2C_RequestMemoryWrite  stm32f1xx_hal_i2c.o
    0x08002c4c   0x08002c4c   0x0000004c   Code   RO          431    i.I2C_WaitOnBTFFlagUntilTimeout  stm32f1xx_hal_i2c.o
    0x08002c98   0x08002c98   0x00000068   Code   RO          432    i.I2C_WaitOnFlagUntilTimeout  stm32f1xx_hal_i2c.o
    0x08002d00   0x08002d00   0x00000096   Code   RO          433    i.I2C_WaitOnMasterAddressFlagUntilTimeout  stm32f1xx_hal_i2c.o
    0x08002d96   0x08002d96   0x00000066   Code   RO          434    i.I2C_WaitOnRXNEFlagUntilTimeout  stm32f1xx_hal_i2c.o
    0x08002dfc   0x08002dfc   0x0000004c   Code   RO          435    i.I2C_WaitOnTXEFlagUntilTimeout  stm32f1xx_hal_i2c.o
    0x08002e48   0x08002e48   0x00000080   Code   RO           14    i.MX_GPIO_Init      main.o
    0x08002ec8   0x08002ec8   0x00000002   Code   RO          207    i.MemManage_Handler  stm32f1xx_it.o
    0x08002eca   0x08002eca   0x00000002   Code   RO          208    i.NMI_Handler       stm32f1xx_it.o
    0x08002ecc   0x08002ecc   0x00000002   Code   RO          209    i.PendSV_Handler    stm32f1xx_it.o
    0x08002ece   0x08002ece   0x00000002   Code   RO          210    i.SVC_Handler       stm32f1xx_it.o
    0x08002ed0   0x08002ed0   0x00000004   Code   RO          211    i.SysTick_Handler   stm32f1xx_it.o
    0x08002ed4   0x08002ed4   0x00000050   Code   RO           15    i.SystemClock_Config  main.o
    0x08002f24   0x08002f24   0x00000002   Code   RO         2164    i.SystemInit        system_stm32f1xx.o
    0x08002f26   0x08002f26   0x00000002   PAD
    0x08002f28   0x08002f28   0x0000011c   Code   RO         1861    i.UART_SetConfig    stm32f1xx_hal_uart.o
    0x08003044   0x08003044   0x00000064   Code   RO         1864    i.UART_WaitOnFlagUntilTimeout  stm32f1xx_hal_uart.o
    0x080030a8   0x080030a8   0x00000002   Code   RO          212    i.UsageFault_Handler  stm32f1xx_it.o
    0x080030aa   0x080030aa   0x00000028   Code   RO         2636    i.__ARM_fpclassify  m_ws.l(fpclassify.o)
    0x080030d2   0x080030d2   0x00000020   Code   RO         1283    i.__NVIC_SetPriority  stm32f1xx_hal_cortex.o
    0x080030f2   0x080030f2   0x0000000e   Code   RO         2512    i._is_digit         c_w.l(__printf_wp.o)
    0x08003100   0x08003100   0x0000008a   Code   RO         2204    i.bmi160_get_offsets  bmi160_1.o
    0x0800318a   0x0800318a   0x00000038   Code   RO         2206    i.bmi160_get_regs   bmi160_1.o
    0x080031c2   0x080031c2   0x00000054   Code   RO         2208    i.bmi160_get_sensor_data  bmi160_1.o
    0x08003216   0x08003216   0x0000005a   Code   RO         2209    i.bmi160_init       bmi160_1.o
    0x08003270   0x08003270   0x000000ae   Code   RO         2215    i.bmi160_set_power_mode  bmi160_1.o
    0x0800331e   0x0800331e   0x0000009e   Code   RO         2216    i.bmi160_set_regs   bmi160_1.o
    0x080033bc   0x080033bc   0x000000da   Code   RO         2217    i.bmi160_set_sens_conf  bmi160_1.o
    0x08003496   0x08003496   0x0000005e   Code   RO         2218    i.bmi160_soft_reset  bmi160_1.o
    0x080034f4   0x080034f4   0x000000a2   Code   RO         2219    i.bmi160_start_foc  bmi160_1.o
    0x08003596   0x08003596   0x0000006e   Code   RO         2220    i.bmi160_update_nvm  bmi160_1.o
    0x08003604   0x08003604   0x00000140   Code   RO           16    i.bmi_clibration    main.o
    0x08003744   0x08003744   0x00000074   Code   RO         2221    i.check_accel_config  bmi160_1.o
    0x080037b8   0x080037b8   0x0000006e   Code   RO         2223    i.check_gyro_config  bmi160_1.o
    0x08003826   0x08003826   0x0000006a   Code   RO         2226    i.get_accel_data    bmi160_1.o
    0x08003890   0x08003890   0x000000a2   Code   RO         2227    i.get_accel_gyro_data  bmi160_1.o
    0x08003932   0x08003932   0x00000020   Code   RO         2229    i.get_foc_status    bmi160_1.o
    0x08003952   0x08003952   0x000000a6   Code   RO         2230    i.get_gyro_data     bmi160_1.o
    0x080039f8   0x080039f8   0x000000fc   Code   RO           17    i.i2c_test_bmi      main.o
    0x08003af4   0x08003af4   0x000000a4   Code   RO           18    i.init_bmi160       main.o
    0x08003b98   0x08003b98   0x00000124   Code   RO           19    i.main              main.o
    0x08003cbc   0x08003cbc   0x00000018   Code   RO         2233    i.null_ptr_check    bmi160_1.o
    0x08003cd4   0x08003cd4   0x0000005c   Code   RO         2234    i.process_under_sampling  bmi160_1.o
    0x08003d30   0x08003d30   0x0000007e   Code   RO         2235    i.trigger_foc       bmi160_1.o
    0x08003dae   0x08003dae   0x00000002   PAD
    0x08003db0   0x08003db0   0x00000030   Code   RO           21    i.uprint            main.o
    0x08003de0   0x08003de0   0x0000002c   Code   RO         2623    locale$$code        c_w.l(lc_numeric_c.o)
    0x08003e0c   0x08003e0c   0x0000002c   Code   RO         2644    locale$$code        c_w.l(lc_ctype_c.o)
    0x08003e38   0x08003e38   0x00000004   Code   RO         2545    x$fpl$printf1       fz_ws.l(printf1.o)
    0x08003e3c   0x08003e3c   0x00000004   Code   RO         2547    x$fpl$printf2       fz_ws.l(printf2.o)
    0x08003e40   0x08003e40   0x00000000   Code   RO         2635    x$fpl$usenofp       fz_ws.l(usenofp.o)
    0x08003e40   0x08003e40   0x00000010   Data   RO         2165    .constdata          system_stm32f1xx.o
    0x08003e50   0x08003e50   0x00000008   Data   RO         2166    .constdata          system_stm32f1xx.o
    0x08003e58   0x08003e58   0x00000008   Data   RO         2471    .constdata          c_w.l(_printf_wctomb.o)
    0x08003e60   0x08003e60   0x00000028   Data   RO         2500    .constdata          c_w.l(_printf_hex_int_ll_ptr.o)
    0x08003e88   0x08003e88   0x00000011   Data   RO         2520    .constdata          c_w.l(__printf_flags_ss_wp.o)
    0x08003e99   0x08003e99   0x00000026   Data   RO         2575    .constdata          c_w.l(_printf_fp_hex.o)
    0x08003ebf   0x08003ebf   0x00000001   PAD
    0x08003ec0   0x08003ec0   0x00000094   Data   RO         2598    .constdata          c_w.l(bigflt0.o)
    0x08003f54   0x08003f54   0x00000020   Data   RO         2772    Region$$Table       anon$$obj.o
    0x08003f74   0x08003f74   0x0000001c   Data   RO         2622    locale$$data        c_w.l(lc_numeric_c.o)
    0x08003f90   0x08003f90   0x00000110   Data   RO         2643    locale$$data        c_w.l(lc_ctype_c.o)


    Execution Region RW_IRAM1 (Exec base: 0x20000000, Load base: 0x080040a0, Size: 0x000007a0, Max: 0x00002000, ABSOLUTE)

    Exec Addr    Load Addr    Size         Type   Attr      Idx    E Section Name        Object

    0x20000000   0x080040a0   0x0000000c   Data   RW          820    .data               stm32f1xx_hal.o
    0x2000000c   0x080040ac   0x00000004   Data   RW         2167    .data               system_stm32f1xx.o
    0x20000010        -       0x00000130   Zero   RW           23    .bss                main.o
    0x20000140        -       0x00000060   Zero   RW         2639    .bss                c_w.l(libspace.o)
    0x200001a0        -       0x00000200   Zero   RW            2    HEAP                startup_stm32f100xb.o
    0x200003a0        -       0x00000400   Zero   RW            1    STACK               startup_stm32f100xb.o


==============================================================================

Image component sizes


      Code (inc. data)   RO Data    RW Data    ZI Data      Debug   Object Name

      2218          0          0          0          0      19034   bmi160_1.o
      1284        512          0          0        304     277364   main.o
        64         26        288          0       1536        824   startup_stm32f100xb.o
       150         24          0         12          0       6329   stm32f1xx_hal.o
       172         14          0          0          0      28350   stm32f1xx_hal_cortex.o
       490         34          0          0          0       2928   stm32f1xx_hal_gpio.o
      2262         56          0          0          0      12930   stm32f1xx_hal_i2c.o
       264         32          0          0          0       2295   stm32f1xx_hal_msp.o
      1220        108          0          0          0       5188   stm32f1xx_hal_rcc.o
       660          6          0          0          0       4068   stm32f1xx_hal_uart.o
        20          0          0          0          0       3998   stm32f1xx_it.o
         2          0         24          4          0       1155   system_stm32f1xx.o

    ----------------------------------------------------------------------
      8820        812        344         16       1840     364463   Object Totals
         0          0         32          0          0          0   (incl. Generated)
        14          0          0          0          0          0   (incl. Padding)

    ----------------------------------------------------------------------

      Code (inc. data)   RO Data    RW Data    ZI Data      Debug   Library Member Name

         8          0          0          0          0         68   __main.o
       392          4         17          0          0         92   __printf_flags_ss_wp.o
        14          0          0          0          0         68   __printf_wp.o
         0          0          0          0          0          0   __rtentry.o
        12          0          0          0          0          0   __rtentry2.o
         6          0          0          0          0          0   __rtentry4.o
        52          8          0          0          0          0   __scatter.o
        26          0          0          0          0          0   __scatter_copy.o
        28          0          0          0          0          0   __scatter_zi.o
         6          0          0          0          0          0   _printf_a.o
         6          0          0          0          0          0   _printf_c.o
        44          0          0          0          0        108   _printf_char.o
        48          6          0          0          0         96   _printf_char_common.o
        40          0          0          0          0         68   _printf_charcount.o
         6          0          0          0          0          0   _printf_d.o
       120         16          0          0          0         92   _printf_dec.o
         6          0          0          0          0          0   _printf_e.o
         6          0          0          0          0          0   _printf_f.o
      1054          0          0          0          0        216   _printf_fp_dec.o
       764          8         38          0          0        100   _printf_fp_hex.o
       128         16          0          0          0         84   _printf_fp_infnan.o
         6          0          0          0          0          0   _printf_g.o
       148          4         40          0          0        160   _printf_hex_int_ll_ptr.o
         6          0          0          0          0          0   _printf_i.o
       178          0          0          0          0         88   _printf_intcommon.o
        10          0          0          0          0          0   _printf_l.o
         6          0          0          0          0          0   _printf_lc.o
        10          0          0          0          0          0   _printf_ll.o
         6          0          0          0          0          0   _printf_lld.o
         6          0          0          0          0          0   _printf_lli.o
         6          0          0          0          0          0   _printf_llo.o
         6          0          0          0          0          0   _printf_llu.o
         6          0          0          0          0          0   _printf_llx.o
       124         16          0          0          0         92   _printf_longlong_dec.o
         6          0          0          0          0          0   _printf_ls.o
         6          0          0          0          0          0   _printf_n.o
         6          0          0          0          0          0   _printf_o.o
       112         10          0          0          0        124   _printf_oct_int_ll.o
         6          0          0          0          0          0   _printf_p.o
        78          0          0          0          0        108   _printf_pad.o
         0          0          0          0          0          0   _printf_percent.o
         4          0          0          0          0          0   _printf_percent_end.o
         6          0          0          0          0          0   _printf_s.o
        82          0          0          0          0         80   _printf_str.o
        36          0          0          0          0         84   _printf_truncate.o
         6          0          0          0          0          0   _printf_u.o
        44          0          0          0          0        108   _printf_wchar.o
       188          6          8          0          0         92   _printf_wctomb.o
         6          0          0          0          0          0   _printf_x.o
        10          0          0          0          0         68   _sputc.o
        64          0          0          0          0         92   _wcrtomb.o
       228          4        148          0          0         96   bigflt0.o
      1936        128          0          0          0        672   btod.o
        18          0          0          0          0         80   exit.o
         6          0          0          0          0        152   heapauxi.o
         0          0          0          0          0          0   indicate_semi.o
        44         10        272          0          0         76   lc_ctype_c.o
        44         10         28          0          0         76   lc_numeric_c.o
         2          0          0          0          0          0   libinit.o
        30          0          0          0          0          0   libinit2.o
         2          0          0          0          0          0   libshutdown.o
         2          0          0          0          0          0   libshutdown2.o
         8          4          0          0         96         68   libspace.o
       138          0          0          0          0         80   lludiv10.o
        16          4          0          0          0         76   rt_ctype_table.o
         8          4          0          0          0         68   rt_locale_intlibspace.o
        78          0          0          0          0         80   rt_memclr_w.o
         2          0          0          0          0          0   rtexit.o
        10          0          0          0          0          0   rtexit2.o
       128          0          0          0          0         68   strcmpv7m.o
        12          4          0          0          0         68   sys_exit.o
        74          0          0          0          0         80   sys_stackheap_outer.o
         2          0          0          0          0         68   use_no_semi.o
        36          4          0          0          0         76   vsprintf.o
         4          0          0          0          0         68   printf1.o
         4          0          0          0          0         68   printf2.o
         0          0          0          0          0          0   usenofp.o
        40          0          0          0          0         68   fpclassify.o

    ----------------------------------------------------------------------
      6828        266        552          0         96       4176   Library Totals
        12          0          1          0          0          0   (incl. Padding)

    ----------------------------------------------------------------------

      Code (inc. data)   RO Data    RW Data    ZI Data      Debug   Library Name

      6768        266        551          0         96       3972   c_w.l
         8          0          0          0          0        136   fz_ws.l
        40          0          0          0          0         68   m_ws.l

    ----------------------------------------------------------------------
      6828        266        552          0         96       4176   Library Totals

    ----------------------------------------------------------------------

==============================================================================


      Code (inc. data)   RO Data    RW Data    ZI Data      Debug   

     15648       1078        896         16       1936     362915   Grand Totals
     15648       1078        896         16       1936     362915   ELF Image Totals
     15648       1078        896         16          0          0   ROM Totals

==============================================================================

    Total RO  Size (Code + RO Data)                16544 (  16.16kB)
    Total RW  Size (RW Data + ZI Data)              1952 (   1.91kB)
    Total ROM Size (Code + RO Data + RW Data)      16560 (  16.17kB)

==============================================================================

